KleioTranslator - server version 2019.A2 - build 312 (master) 03/10/2020 17:40 
15-11-2020 13-44

Processing data file biographical-notes.cli
-------------------------------------------
Generic Act translation module with geoentities (XML).
     Joaquim Ramos de Carvalho (joaquim@uc.pt) 
** New document: kleio
=========================
kleio translation started
=========================
Structure: gacto2.str
Prefix: 
Autorel: 
Translation count: 29
Obs: 
** Processing source fonte$biographical-notes
6: lista$bio-notes-list-1
16: viagem$bio-alvaro-silveira-his3-4
48: viagem$bio-michele-ruggieri-his4-19
56: estadia$bio-michele-ruggieri-his4-20
*** End of File

Line 15 "SAME AS" TO EXTERNAL REFERENCE EXPORTED (ivc-goncalo-da-silveira) CHECK IF IT EXISTS BEFORE IMPORTING THIS FILE.

** Processed file- /kleio-home/sources/toliveira-rev/sources/biographical-notes.cli
** Original file- /kleio-home/sources/toliveira-rev/sources/biographical-notes.org
** Previous version- /kleio-home/sources/toliveira-rev/sources/biographical-notes.old
** Temp file with ids- /kleio-home/sources/toliveira-rev/sources/biographical-notes.ids
** - /kleio-home/sources/toliveira-rev/sources/biographical-notes.cli-renamed to- /kleio-home/sources/toliveira-rev/sources/biographical-notes.old
** - /kleio-home/sources/toliveira-rev/sources/biographical-notes.ids-renamed to- /kleio-home/sources/toliveira-rev/sources/biographical-notes.cli
** Translation files closed.
0  errors. 
0  warnings.
Translation finished.
