KleioTranslator - server version 2019.A2 - build 263 (Import-identifications) 07/07/2020 12:40 
9-7-2020 14-36

Processing data file biographical-notes.cli
-------------------------------------------
Generic Act translation module with geoentities (XML).
     Joaquim Ramos de Carvalho (joaquim@uc.pt) 
** New document: kleio
=========================
kleio translation started
=========================
Structure: gacto2.str
Prefix: 
Autorel: 
Translation count: 8
Obs: 
** Processing source fonte$biographical-notes
6: lista$bio-notes-list-1
14: viagem$bio-alvaro-silveira-his3-4
*** End of File


** Processed file- /kleio-home/sources/china-proposop/china-prosop-sources/sources/biographical-notes.cli
** Original file- /kleio-home/sources/china-proposop/china-prosop-sources/sources/biographical-notes.org
** Previous version- /kleio-home/sources/china-proposop/china-prosop-sources/sources/biographical-notes.old
** Temp file with ids- /kleio-home/sources/china-proposop/china-prosop-sources/sources/biographical-notes.ids
** - /kleio-home/sources/china-proposop/china-prosop-sources/sources/biographical-notes.cli-renamed to- /kleio-home/sources/china-proposop/china-prosop-sources/sources/biographical-notes.old
** - /kleio-home/sources/china-proposop/china-prosop-sources/sources/biographical-notes.ids-renamed to- /kleio-home/sources/china-proposop/china-prosop-sources/sources/biographical-notes.cli
** Translation files closed.
0  errors. 
0  warnings.
Translation finished.
