KleioTranslator - server version 11.1 - build 534 (MHK: 2175/master) (2023-03-28 14:49:22, MHK: 19/05/2023 18:48 )
6-6-2023 8-13

Processing data file dehergne-o.cli
-------------------------------------------
Generic Act translation module with geoentities (XML).
     Joaquim Ramos de Carvalho (joaquim@uc.pt) 
** New document: kleio
=========================
kleio translation started
=========================
Structure: gacto2.str
Prefix: 
Autorel: 
Translation count: 33
Obs: 
** Processing source fonte$dehergne-o
6: lista$dehergne-notices-o
*** End of File

Line 44 "SAME AS" TO EXTERNAL REFERENCE EXPORTED (deh-gabriel-de-magalhaes) CHECK IF IT EXISTS BEFORE IMPORTING THIS FILE.
Line 147 "SAME AS" TO EXTERNAL REFERENCE EXPORTED (deh-miguel-do-amaral) CHECK IF IT EXISTS BEFORE IMPORTING THIS FILE.

Structure file: /kleio-home/system/conf/kleio/stru/gacto2.str
Structure processing report: /kleio-home/system/conf/kleio/stru/gacto2.srpt
Structure in JSON: /kleio-home/system/conf/kleio/stru/gacto2.str.json

Kleio file: /kleio-home/sources/china-coimbra/sources/dehergne-repertoire/sources/dehergne-o.cli
Original file: /kleio-home/sources/china-coimbra/sources/dehergne-repertoire/sources/dehergne-o.org
Previous version: /kleio-home/sources/china-coimbra/sources/dehergne-repertoire/sources/dehergne-o.old
Temp file with ids: /kleio-home/sources/china-coimbra/sources/dehergne-repertoire/sources/dehergne-o.ids
** - /kleio-home/sources/china-coimbra/sources/dehergne-repertoire/sources/dehergne-o.cli-renamed to- /kleio-home/sources/china-coimbra/sources/dehergne-repertoire/sources/dehergne-o.old
0  errors. 
0  warnings.
Translation finished.
