KleioTranslator - server version 2021.A4 - build 1905 (master) 17/06/2021 10:51 
17-6-2021 3-51

Processing data file dehergne-s.cli
-------------------------------------------
Generic Act translation module with geoentities (XML).
     Joaquim Ramos de Carvalho (joaquim@uc.pt) 
** New document: kleio
=========================
kleio translation started
=========================
Structure: gacto2.str
Prefix: 
Autorel: 
Translation count: 116
Obs: 
** Processing source fonte$dehergne-s
** Base name of file dehergne-s.cli

WARNING: dehergne-s.cli line 3 * Warning: Filename should match source Id to avoid errors. File: dehergne-s.cli Id: dehergne-s.
Near lines: 3 
Near line: 4       lista$dehergne-notices-s/0/0/0

6: lista$dehergne-notices-s
*** End of File

Line 79 "SAME AS" TO EXTERNAL REFERENCE EXPORTED (deh-francesco-maria-spinola) CHECK IF IT EXISTS BEFORE IMPORTING THIS FILE.
Line 957 "SAME AS" TO EXTERNAL REFERENCE EXPORTED (deh-alessandro-cicero) CHECK IF IT EXISTS BEFORE IMPORTING THIS FILE.

** Processed file- /kleio-home/sources/toliveira-china/sources/dehergne-s.cli
** Original file- /kleio-home/sources/toliveira-china/sources/dehergne-s.org
** Previous version- /kleio-home/sources/toliveira-china/sources/dehergne-s.old
** Temp file with ids- /kleio-home/sources/toliveira-china/sources/dehergne-s.ids
** - /kleio-home/sources/toliveira-china/sources/dehergne-s.cli-renamed to- /kleio-home/sources/toliveira-china/sources/dehergne-s.old
** - /kleio-home/sources/toliveira-china/sources/dehergne-s.ids-renamed to- /kleio-home/sources/toliveira-china/sources/dehergne-s.cli
** Translation files closed.
0  errors. 
1  warnings.
Translation finished.
