KleioTranslator - server version @@VERSION@@ - build @@BUILD@@ @@DATE@@
29-6-2023 17-18

Processing data file dehergne-m.cli
-------------------------------------------
Generic Act translation module with geoentities (XML).
     Joaquim Ramos de Carvalho (joaquim@uc.pt) 
** New document: kleio
=========================
kleio translation started
=========================
Structure: gacto2.str
Prefix: 
Autorel: 
Translation count: 160
Obs: 
** Processing source fonte$dehergne-m
7: lista$dehergne-notices-m
*** End of File

Line 742 "SAME AS" TO EXTERNAL REFERENCE EXPORTED (deh-belchior-miguel-carneiro-leitao) CHECK IF IT EXISTS BEFORE IMPORTING THIS FILE.

Structure file: /Users/jrc/mhk-home/sources/dehergne/structures/sources.str
Structure processing report: /Users/jrc/mhk-home/sources/dehergne/structures/sources.srpt
Structure in JSON: /Users/jrc/mhk-home/sources/dehergne/structures/sources.str.json

Kleio file: /Users/jrc/mhk-home/sources/dehergne/sources/dehergne-m.cli
Original file: /Users/jrc/mhk-home/sources/dehergne/sources/dehergne-m.org
Previous version: /Users/jrc/mhk-home/sources/dehergne/sources/dehergne-m.old
Temp file with ids: /Users/jrc/mhk-home/sources/dehergne/sources/dehergne-m.ids
** - /Users/jrc/mhk-home/sources/dehergne/sources/dehergne-m.cli-renamed to- /Users/jrc/mhk-home/sources/dehergne/sources/dehergne-m.old
0  errors. 
0  warnings.
Translation finished.
