KleioTranslator - server version 10.18 - build 463 (MHK: 2082/issue140) (2022-06-15 14:08:16, MHK: 22/11/2022 12:27 )
12-12-2022 11-52

Processing data file dehergne-other.cli
-------------------------------------------
Generic Act translation module with geoentities (XML).
     Joaquim Ramos de Carvalho (joaquim@uc.pt) 
** New document: kleio
=========================
kleio translation started
=========================
Structure: gacto2.str
Prefix: 
Autorel: 
Translation count: 135
Obs: 
** Processing source fonte$dehergne-other
9: lista$dehergne-notices-other
*** End of File


** Processed file- /kleio-home/sources/china-coimbra/sources/dehergne-repertoire/sources/dehergne-other.cli
** Original file- /kleio-home/sources/china-coimbra/sources/dehergne-repertoire/sources/dehergne-other.org
** Previous version- /kleio-home/sources/china-coimbra/sources/dehergne-repertoire/sources/dehergne-other.old
** Temp file with ids- /kleio-home/sources/china-coimbra/sources/dehergne-repertoire/sources/dehergne-other.ids
** - /kleio-home/sources/china-coimbra/sources/dehergne-repertoire/sources/dehergne-other.cli-renamed to- /kleio-home/sources/china-coimbra/sources/dehergne-repertoire/sources/dehergne-other.old
0  errors. 
0  warnings.
Translation finished.
