KleioTranslator - server version 2019.A2 - build 311 (Import-identifications) 29/09/2020 07:34 
23-2-2021 0-48

Processing data file dehergne-h.cli
-------------------------------------------
Generic Act translation module with geoentities (XML).
     Joaquim Ramos de Carvalho (joaquim@uc.pt) 
** New document: kleio
=========================
kleio translation started
=========================
Structure: gacto2.str
Prefix: 
Autorel: 
Translation count: 13
Obs: 
** Processing source fonte$dehergne-H
6: lista$dehergne-notices-h
*** End of File

Line 136 "SAME AS" TO EXTERNAL REFERENCE EXPORTED (deh-heinrich-van-vlierden) CHECK IF IT EXISTS BEFORE IMPORTING THIS FILE.

** Processed file- /kleio-home/sources/toliveira/sources/dehergne-h.cli
** Original file- /kleio-home/sources/toliveira/sources/dehergne-h.org
** Previous version- /kleio-home/sources/toliveira/sources/dehergne-h.old
** Temp file with ids- /kleio-home/sources/toliveira/sources/dehergne-h.ids
** - /kleio-home/sources/toliveira/sources/dehergne-h.cli-renamed to- /kleio-home/sources/toliveira/sources/dehergne-h.old
** - /kleio-home/sources/toliveira/sources/dehergne-h.ids-renamed to- /kleio-home/sources/toliveira/sources/dehergne-h.cli
** Translation files closed.
0  errors. 
0  warnings.
Translation finished.
