KleioTranslator - server version 2021.A4 - build 1905 (master) 17/06/2021 10:51 
17-6-2021 3-50

Processing data file dehergne-r.cli
-------------------------------------------
Generic Act translation module with geoentities (XML).
     Joaquim Ramos de Carvalho (joaquim@uc.pt) 
** New document: kleio
=========================
kleio translation started
=========================
Structure: gacto2.str
Prefix: 
Autorel: 
Translation count: 111
Obs: 
** Processing source fonte$dehergne-r
** Base name of file dehergne-r.cli

WARNING: dehergne-r.cli line 3 * Warning: Filename should match source Id to avoid errors. File: dehergne-r.cli Id: dehergne-r.
Near lines: 3 
Near line: 4       lista$dehergne-notices-r/0/0/0

6: lista$dehergne-notices-r
*** End of File

Line 1598 "SAME AS" TO EXTERNAL REFERENCE EXPORTED (deh-gabriel-boussel) CHECK IF IT EXISTS BEFORE IMPORTING THIS FILE.

** Processed file- /kleio-home/sources/toliveira-china/sources/dehergne-r.cli
** Original file- /kleio-home/sources/toliveira-china/sources/dehergne-r.org
** Previous version- /kleio-home/sources/toliveira-china/sources/dehergne-r.old
** Temp file with ids- /kleio-home/sources/toliveira-china/sources/dehergne-r.ids
** - /kleio-home/sources/toliveira-china/sources/dehergne-r.cli-renamed to- /kleio-home/sources/toliveira-china/sources/dehergne-r.old
** - /kleio-home/sources/toliveira-china/sources/dehergne-r.ids-renamed to- /kleio-home/sources/toliveira-china/sources/dehergne-r.cli
** Translation files closed.
0  errors. 
1  warnings.
Translation finished.
