KleioTranslator - server version @@VERSION@@ - build @@BUILD@@ @@DATE@@
29-6-2023 17-18

Processing data file dehergne-g.cli
-------------------------------------------
Generic Act translation module with geoentities (XML).
     Joaquim Ramos de Carvalho (joaquim@uc.pt) 
** New document: kleio
=========================
kleio translation started
=========================
Structure: gacto2.str
Prefix: 
Autorel: 
Translation count: 114
Obs: 
** Processing source fonte$dehergne-g
8: lista$dehergne-notices-g
*** End of File


Structure file: /Users/jrc/mhk-home/sources/dehergne/structures/sources.str
Structure processing report: /Users/jrc/mhk-home/sources/dehergne/structures/sources.srpt
Structure in JSON: /Users/jrc/mhk-home/sources/dehergne/structures/sources.str.json

Kleio file: /Users/jrc/mhk-home/sources/dehergne/sources/dehergne-g.cli
Original file: /Users/jrc/mhk-home/sources/dehergne/sources/dehergne-g.org
Previous version: /Users/jrc/mhk-home/sources/dehergne/sources/dehergne-g.old
Temp file with ids: /Users/jrc/mhk-home/sources/dehergne/sources/dehergne-g.ids
** - /Users/jrc/mhk-home/sources/dehergne/sources/dehergne-g.cli-renamed to- /Users/jrc/mhk-home/sources/dehergne/sources/dehergne-g.old
0  errors. 
0  warnings.
Translation finished.
