KleioTranslator - server version 2019.A2 - build 311 (Import-identifications) 29/09/2020 07:34 
15-12-2020 19-44

Processing data file dehergne-b.cli
-------------------------------------------
Generic Act translation module with geoentities (XML).
     Joaquim Ramos de Carvalho (joaquim@uc.pt) 
** New document: kleio
=========================
kleio translation started
=========================
Structure: gacto2.str
Prefix: 
Autorel: 
Translation count: 37
Obs: 
** Processing source fonte$dehergne-B
6: lista$dehergne-notices-b

WARNING: dehergne-b.cli line 36 destination id of "same as" not found. Will check again at the end of file.
Near lines: 36 
Near line: 37          n$Jean Baborier/id=deh-jean-baborier

*** End of File

Line 281 "SAME AS" TO EXTERNAL REFERENCE EXPORTED (deh-philippe-avril) CHECK IF IT EXISTS BEFORE IMPORTING THIS FILE.
Line 319 "SAME AS" TO EXTERNAL REFERENCE EXPORTED (bio-matteo-ricci) CHECK IF IT EXISTS BEFORE IMPORTING THIS FILE.
Line 347 "SAME AS" TO EXTERNAL REFERENCE EXPORTED (deh-antonio-de-abreu) CHECK IF IT EXISTS BEFORE IMPORTING THIS FILE.

** Processed file- /kleio-home/sources/toliveira/sources/dehergne-b.cli
** Original file- /kleio-home/sources/toliveira/sources/dehergne-b.org
** Previous version- /kleio-home/sources/toliveira/sources/dehergne-b.old
** Temp file with ids- /kleio-home/sources/toliveira/sources/dehergne-b.ids
** - /kleio-home/sources/toliveira/sources/dehergne-b.cli-renamed to- /kleio-home/sources/toliveira/sources/dehergne-b.old
** - /kleio-home/sources/toliveira/sources/dehergne-b.ids-renamed to- /kleio-home/sources/toliveira/sources/dehergne-b.cli
** Translation files closed.
0  errors. 
1  warnings.
Translation finished.
