KleioTranslator - server version 2021.A4 - build 1956 (master) 07/08/2021 16:00 
13-8-2021 8-50

Processing data file dehergne.cli
-------------------------------------------
Generic Act translation module with geoentities (XML).
     Joaquim Ramos de Carvalho (joaquim@uc.pt) 
** New document: kleio
=========================
kleio translation started
=========================
Structure: gacto2.str
Prefix: 
Autorel: 
Translation count: 132
Obs: 
** Processing source fonte$dehergne-other
** Base name of file dehergne in dehergne.cli

WARNING: dehergne.cli line 3 * Warning: Filename should match source Id to avoid errors. File: dehergne Id: dehergne-other.
Near lines: 3 
Near line: 4       lista$dehergne-notices-other/0/0/1973

6: lista$dehergne-notices-other
** Processing source fonte$limpar1
** Base name of file dehergne in dehergne.cli

WARNING: dehergne.cli line 65 * Warning: Filename should match source Id to avoid errors. File: dehergne Id: limpar1.
Near lines: 65    fonte$limpar1/obs=limpa ficheiros não relacionados/substitui=imagem-virtude-coimbra
Near line: 66    fonte$limpar2/obs=limpa ficheiros não relacionados/substitui=biographical-notes

** Processing source fonte$limpar2
** Base name of file dehergne in dehergne.cli

WARNING: dehergne.cli line 66 * Warning: Filename should match source Id to avoid errors. File: dehergne Id: limpar2.
Near lines: 66    fonte$limpar2/obs=limpa ficheiros não relacionados/substitui=biographical-notes
Near line: 67    fonte$limpar3/obs=limpa ficheiros não relacionados/substitui=tomas-pereira

** Processing source fonte$limpar3
** Base name of file dehergne in dehergne.cli

WARNING: dehergne.cli line 67 * Warning: Filename should match source Id to avoid errors. File: dehergne Id: limpar3.
Near lines: 67 Near line: 68 
*** End of File


** Processed file- /kleio-home/sources/toliveira/sources/dehergne.cli
** Original file- /kleio-home/sources/toliveira/sources/dehergne.org
** Previous version- /kleio-home/sources/toliveira/sources/dehergne.old
** Temp file with ids- /kleio-home/sources/toliveira/sources/dehergne.ids
** - /kleio-home/sources/toliveira/sources/dehergne.cli-renamed to- /kleio-home/sources/toliveira/sources/dehergne.old
** - /kleio-home/sources/toliveira/sources/dehergne.ids-renamed to- /kleio-home/sources/toliveira/sources/dehergne.cli
** Translation files closed.
0  errors. 
4  warnings.
Translation finished.
