KleioTranslator - server version 2019.A2 - build 311 (Import-identifications) 29/09/2020 07:34 
30-12-2020 12-56

Processing data file dehergne-j.cli
-------------------------------------------
Generic Act translation module with geoentities (XML).
     Joaquim Ramos de Carvalho (joaquim@uc.pt) 
** New document: kleio
=========================
kleio translation started
=========================
Structure: gacto2.str
Prefix: 
Autorel: 
Translation count: 20
Obs: 
** Processing source fonte$dehergne-J
6: lista$dehergne-notices-j
*** End of File

Line 45 "SAME AS" TO EXTERNAL REFERENCE EXPORTED (deh-jacques-le-faure) CHECK IF IT EXISTS BEFORE IMPORTING THIS FILE.

** Processed file- /kleio-home/sources/toliveira/sources/dehergne-j.cli
** Original file- /kleio-home/sources/toliveira/sources/dehergne-j.org
** Previous version- /kleio-home/sources/toliveira/sources/dehergne-j.old
** Temp file with ids- /kleio-home/sources/toliveira/sources/dehergne-j.ids
** - /kleio-home/sources/toliveira/sources/dehergne-j.cli-renamed to- /kleio-home/sources/toliveira/sources/dehergne-j.old
** - /kleio-home/sources/toliveira/sources/dehergne-j.ids-renamed to- /kleio-home/sources/toliveira/sources/dehergne-j.cli
** Translation files closed.
0  errors. 
0  warnings.
Translation finished.
