KleioTranslator - server version 12.6 - build 576 2024-09-09 17:57:03
18-10-2024 6-52

Processing data file dehergne-t.cli
-------------------------------------------
Generic Act translation module with geoentities (XML).
     Joaquim Ramos de Carvalho (joaquim@uc.pt) 
** New document: kleio
=========================
kleio translation started
=========================
Structure: gacto2.str
Prefix: 
Autorel: 
Translation count: 99
Obs: 
** Processing source fonte$dehergne-t
24: lista$dehergne-notices-t
*** End of File

Line 202 "SAME AS" TO EXTERNAL REFERENCE EXPORTED (deh-emmanuel-de-silva-tchang) CHECK IF IT EXISTS BEFORE IMPORTING THIS FILE.
Line 335 "SAME AS" TO EXTERNAL REFERENCE EXPORTED (deh-philippe-cazier) CHECK IF IT EXISTS BEFORE IMPORTING THIS FILE.
Line 731 "SAME AS" TO EXTERNAL REFERENCE EXPORTED (deh-francesco-folleri) CHECK IF IT EXISTS BEFORE IMPORTING THIS FILE.

Structure file: /kleio-home/structures/sources.str
Structure processing report: /kleio-home/structures/sources.srpt
Structure in JSON: /kleio-home/structures/sources.str.json

Kleio file: /kleio-home/sources/dehergne-t.cli
Original file: /kleio-home/sources/dehergne-t.org
Previous version: /kleio-home/sources/dehergne-t.old
Temp file with ids: /kleio-home/sources/dehergne-t.ids
** - /kleio-home/sources/dehergne-t.cli-renamed to- /kleio-home/sources/dehergne-t.old
0  errors. 
0  warnings.
Translation finished.
