KleioTranslator - server version @@VERSION@@ - build @@BUILD@@ @@DATE@@
29-6-2023 17-18

Processing data file dehergne-other.cli
-------------------------------------------
Generic Act translation module with geoentities (XML).
     Joaquim Ramos de Carvalho (joaquim@uc.pt) 
** New document: kleio
=========================
kleio translation started
=========================
Structure: gacto2.str
Prefix: 
Autorel: 
Translation count: 138
Obs: 
** Processing source fonte$dehergne-other
11: lista$dehergne-notices-other
*** End of File


Structure file: /Users/jrc/mhk-home/sources/dehergne/structures/sources.str
Structure processing report: /Users/jrc/mhk-home/sources/dehergne/structures/sources.srpt
Structure in JSON: /Users/jrc/mhk-home/sources/dehergne/structures/sources.str.json

Kleio file: /Users/jrc/mhk-home/sources/dehergne/sources/dehergne-other.cli
Original file: /Users/jrc/mhk-home/sources/dehergne/sources/dehergne-other.org
Previous version: /Users/jrc/mhk-home/sources/dehergne/sources/dehergne-other.old
Temp file with ids: /Users/jrc/mhk-home/sources/dehergne/sources/dehergne-other.ids
** - /Users/jrc/mhk-home/sources/dehergne/sources/dehergne-other.cli-renamed to- /Users/jrc/mhk-home/sources/dehergne/sources/dehergne-other.old
0  errors. 
0  warnings.
Translation finished.
