KleioTranslator - server version 12.9 - build 592 2026-03-19 23:14:02
2026-03-25 04:51:16


Processing data file dehergne-q.cli
-------------------------------------------
Generic Act translation module with geoentities (XML).
     Joaquim Ramos de Carvalho (joaquim@uc.pt) 
** New document: kleio
=========================
kleio translation started
=========================
Declared structure: gacto2.str
Used structure: /usr/local/timelink/clio/src/stru/gacto2.str
Prefix: 
Autorel: 
Translation count: 44
Obs: 
** Processing source fonte$dehergne-q
7: lista$dehergne-notices-q
*** End of File


Structure file: /usr/local/timelink/clio/src/stru/gacto2.str
Structure processing report: /usr/local/timelink/clio/src/stru/gacto2.srpt
Structure in JSON: /usr/local/timelink/clio/src/stru/gacto2.str.json

Kleio file: /kleio-home/sources/dehergne-q.cli
Original file: /kleio-home/sources/dehergne-q.org
Previous version: /kleio-home/sources/dehergne-q.old
Local structure file: /kleio-home/sources/dehergne-q-auto-structure.yaml
Temp file with ids: /kleio-home/sources/dehergne-q.ids
** - /kleio-home/sources/dehergne-q.cli-renamed to- /kleio-home/sources/dehergne-q.old

Groups in this file: [attribute,historical-act,historical-source,kleio,link,person,relation,ls,pt-acto,fonte,male,rel,lista,actorm,referido,n]
Elements in this file: [ano,autorels,data,date,day,destination,destname,dia,id,iddest,kleiofile,loc,localizacao,mes,mesmo_que,month,name,nome,nomedest,obs,prefix,ref,replace,same_as,sex,sexo,shortname,structure,substitui,tipo,translations,translator,type,urlpattern,valor,value,xmesmo_que,xsame_as,year]

Structure YAML file already exists, not generating new one.
0  errors. 
0  warnings.
Translation finished.
