KleioTranslator - server version 2021.A4 - build 1905 (master) 17/06/2021 10:51 
17-6-2021 3-51

Processing data file dehergne-u.cli
-------------------------------------------
Generic Act translation module with geoentities (XML).
     Joaquim Ramos de Carvalho (joaquim@uc.pt) 
** New document: kleio
=========================
kleio translation started
=========================
Structure: gacto2.str
Prefix: 
Autorel: 
Translation count: 8
Obs: 
** Processing source fonte$dehergne-U
** Base name of file dehergne-u.cli

WARNING: dehergne-u.cli line 3 * Warning: Filename should match source Id to avoid errors. File: dehergne-u.cli Id: dehergne-U.
Near lines: 3 
Near line: 4       lista$dehergne-notices-u/0/0/0

6: lista$dehergne-notices-u
*** End of File


** Processed file- /kleio-home/sources/toliveira-china/sources/dehergne-u.cli
** Original file- /kleio-home/sources/toliveira-china/sources/dehergne-u.org
** Previous version- /kleio-home/sources/toliveira-china/sources/dehergne-u.old
** Temp file with ids- /kleio-home/sources/toliveira-china/sources/dehergne-u.ids
** - /kleio-home/sources/toliveira-china/sources/dehergne-u.cli-renamed to- /kleio-home/sources/toliveira-china/sources/dehergne-u.old
** - /kleio-home/sources/toliveira-china/sources/dehergne-u.ids-renamed to- /kleio-home/sources/toliveira-china/sources/dehergne-u.cli
** Translation files closed.
0  errors. 
1  warnings.
Translation finished.
