KleioTranslator - server version @@VERSION@@ - build @@BUILD@@ @@DATE@@
29-6-2023 17-18

Processing data file dehergne-t.cli
-------------------------------------------
Generic Act translation module with geoentities (XML).
     Joaquim Ramos de Carvalho (joaquim@uc.pt) 
** New document: kleio
=========================
kleio translation started
=========================
Structure: gacto2.str
Prefix: 
Autorel: 
Translation count: 61
Obs: 
** Processing source fonte$dehergne-t
8: lista$dehergne-notices-t
*** End of File

Line 186 "SAME AS" TO EXTERNAL REFERENCE EXPORTED (deh-emmanuel-de-silva-tchang) CHECK IF IT EXISTS BEFORE IMPORTING THIS FILE.
Line 319 "SAME AS" TO EXTERNAL REFERENCE EXPORTED (deh-philippe-cazier) CHECK IF IT EXISTS BEFORE IMPORTING THIS FILE.
Line 699 "SAME AS" TO EXTERNAL REFERENCE EXPORTED (deh-francesco-folleri) CHECK IF IT EXISTS BEFORE IMPORTING THIS FILE.

Structure file: /Users/jrc/mhk-home/sources/dehergne/structures/sources.str
Structure processing report: /Users/jrc/mhk-home/sources/dehergne/structures/sources.srpt
Structure in JSON: /Users/jrc/mhk-home/sources/dehergne/structures/sources.str.json

Kleio file: /Users/jrc/mhk-home/sources/dehergne/sources/dehergne-t.cli
Original file: /Users/jrc/mhk-home/sources/dehergne/sources/dehergne-t.org
Previous version: /Users/jrc/mhk-home/sources/dehergne/sources/dehergne-t.old
Temp file with ids: /Users/jrc/mhk-home/sources/dehergne/sources/dehergne-t.ids
** - /Users/jrc/mhk-home/sources/dehergne/sources/dehergne-t.cli-renamed to- /Users/jrc/mhk-home/sources/dehergne/sources/dehergne-t.old
0  errors. 
0  warnings.
Translation finished.
