KleioTranslator - server version 12.0 - build 541 (MHK: 2235/master) (2023-07-04 04:34:23, MHK: 06/08/2023 04:15 )
13-10-2023 4-46

Processing data file dehergne-l.cli
-------------------------------------------
Generic Act translation module with geoentities (XML).
     Joaquim Ramos de Carvalho (joaquim@uc.pt) 
** New document: kleio
=========================
kleio translation started
=========================
Structure: gacto2.str
Prefix: 
Autorel: 
Translation count: 131
Obs: 
** Processing source fonte$dehergne-l
7: lista$dehergne-notices-l
*** End of File

Line 368 "SAME AS" TO EXTERNAL REFERENCE EXPORTED (deh-gabriel-leonard-de-brossard) CHECK IF IT EXISTS BEFORE IMPORTING THIS FILE.
Line 997 "SAME AS" TO EXTERNAL REFERENCE EXPORTED (deh-pierre-martial-cibot) CHECK IF IT EXISTS BEFORE IMPORTING THIS FILE.
Line 1460 "SAME AS" TO EXTERNAL REFERENCE EXPORTED (deh-manuel-mendes) CHECK IF IT EXISTS BEFORE IMPORTING THIS FILE.

Structure file: /kleio-home/sources/dehergne/structures/sources.str
Structure processing report: /kleio-home/sources/dehergne/structures/sources.srpt
Structure in JSON: /kleio-home/sources/dehergne/structures/sources.str.json

Kleio file: /kleio-home/sources/dehergne/sources/dehergne-l.cli
Original file: /kleio-home/sources/dehergne/sources/dehergne-l.org
Previous version: /kleio-home/sources/dehergne/sources/dehergne-l.old
Temp file with ids: /kleio-home/sources/dehergne/sources/dehergne-l.ids
** - /kleio-home/sources/dehergne/sources/dehergne-l.cli-renamed to- /kleio-home/sources/dehergne/sources/dehergne-l.old
0  errors. 
0  warnings.
Translation finished.
