KleioTranslator - server version @@VERSION@@ - build @@BUILD@@ @@DATE@@
30-9-2020 20-11

Processing data file dehergne-l.cli
-------------------------------------------
Generic Act translation module with geoentities (XML).
     Joaquim Ramos de Carvalho (joaquim@uc.pt) 
** New document: kleio
=========================
kleio translation started
=========================
Structure: gacto2.str
Prefix: 
Autorel: 
Translation count: 4
Obs: 
** Processing source fonte$dehergne-l
5: lista$dehergne-notices-l
*** End of File


** Processed file- /Users/jrc/mhk-home/sources/china-proposop/china-prosop-sources/sources/dehergne-l.cli
** Original file- /Users/jrc/mhk-home/sources/china-proposop/china-prosop-sources/sources/dehergne-l.org
** Previous version- /Users/jrc/mhk-home/sources/china-proposop/china-prosop-sources/sources/dehergne-l.old
** Temp file with ids- /Users/jrc/mhk-home/sources/china-proposop/china-prosop-sources/sources/dehergne-l.ids
** - /Users/jrc/mhk-home/sources/china-proposop/china-prosop-sources/sources/dehergne-l.cli-renamed to- /Users/jrc/mhk-home/sources/china-proposop/china-prosop-sources/sources/dehergne-l.old
** - /Users/jrc/mhk-home/sources/china-proposop/china-prosop-sources/sources/dehergne-l.ids-renamed to- /Users/jrc/mhk-home/sources/china-proposop/china-prosop-sources/sources/dehergne-l.cli
** Translation files closed.
0  errors. 
0  warnings.
Translation finished.
