KleioTranslator - server version 12.9 - build 592 2026-03-19 23:14:02
2026-03-20 02:48:22


Processing data file dehergne-locations-1644.cli
-------------------------------------------
Generic Act translation module with geoentities (XML).
     Joaquim Ramos de Carvalho (joaquim@uc.pt) 
** New document: kleio
=========================
kleio translation started
=========================
Declared structure: gacto2.str
Used structure: /usr/local/timelink/clio/src/stru/gacto2.str
Prefix: 
Autorel: 
Translation count: 171
Obs: 
** Processing source fonte$dehergne-locations-1644
99: geodesc$deh-chre-1644
*** End of File


Structure file: /usr/local/timelink/clio/src/stru/gacto2.str
Structure processing report: /usr/local/timelink/clio/src/stru/gacto2.srpt
Structure in JSON: /usr/local/timelink/clio/src/stru/gacto2.str.json

Kleio file: /kleio-home/sources/dehergne-locations-1644.cli
Original file: /kleio-home/sources/dehergne-locations-1644.org
Previous version: /kleio-home/sources/dehergne-locations-1644.old
Local structure file: /kleio-home/sources/dehergne-locations-1644-auto-structure.yaml
Temp file with ids: /kleio-home/sources/dehergne-locations-1644.ids
** - /kleio-home/sources/dehergne-locations-1644.cli-renamed to- /kleio-home/sources/dehergne-locations-1644.old

Groups in this file: [attribute,geoentity,historical-act,historical-source,kleio,link,relation,ls,geo1,geo2,geo3,pt-acto,fonte,rel,atr,geodesc]
Elements in this file: [ano,autorels,data,date,day,destination,destname,dia,fol,id,iddest,kleiofile,loc,localizacao,mes,month,name,nomedest,obs,prefix,ref,replace,same_as,shortname,structure,substitui,tipo,translations,translator,type,urlpattern,valor,value,xsame_as,year]

0  errors. 
0  warnings.
Translation finished.
