KleioTranslator - server version @@VERSION@@ - build @@BUILD@@ @@DATE@@
30-9-2020 20-21

Processing data file dehergne-t.cli
-------------------------------------------
Generic Act translation module with geoentities (XML).
     Joaquim Ramos de Carvalho (joaquim@uc.pt) 
** New document: kleio
=========================
kleio translation started
=========================
Structure: gacto2.str
Prefix: 
Autorel: 
Translation count: 5
Obs: 
** Processing source fonte$dehergne-t
5: lista$dehergne-notices-t
*** End of File


** Processed file- /Users/jrc/mhk-home/sources/china-proposop/china-prosop-sources/sources/dehergne-t.cli
** Original file- /Users/jrc/mhk-home/sources/china-proposop/china-prosop-sources/sources/dehergne-t.org
** Previous version- /Users/jrc/mhk-home/sources/china-proposop/china-prosop-sources/sources/dehergne-t.old
** Temp file with ids- /Users/jrc/mhk-home/sources/china-proposop/china-prosop-sources/sources/dehergne-t.ids
** - /Users/jrc/mhk-home/sources/china-proposop/china-prosop-sources/sources/dehergne-t.cli-renamed to- /Users/jrc/mhk-home/sources/china-proposop/china-prosop-sources/sources/dehergne-t.old
** - /Users/jrc/mhk-home/sources/china-proposop/china-prosop-sources/sources/dehergne-t.ids-renamed to- /Users/jrc/mhk-home/sources/china-proposop/china-prosop-sources/sources/dehergne-t.cli
** Translation files closed.
0  errors. 
0  warnings.
Translation finished.
