KleioTranslator - server version 12.5 - build 570 2024-02-29 07:39:02
1-6-2024 11-40

Processing data file dehergne-n.cli
-------------------------------------------
Generic Act translation module with geoentities (XML).
     Joaquim Ramos de Carvalho (joaquim@uc.pt) 
** New document: kleio
=========================
kleio translation started
=========================
Structure: gacto2.str
Prefix: 
Autorel: 
Translation count: 66
Obs: 
** Processing source fonte$dehergne-n
7: lista$dehergne-notices-n

WARNING: dehergne-n.cli line 382 Element value exceeds database field length: data=15550715['meados de julho' segundo Franco, Imagem ...Coimbra,I,371]. Size:67 limit: 24
Near lines: 382             ls$estadia/Shangchuan%Sancian#@wikidata:Q1397551/15550715['meados de julho' segundo Franco, Imagem ...Coimbra,I,371]
Near lines: 383             ls$estadia/Lampacao# @wikidata:Q6482357/15551200%desde Dezembro atte Junho#segundo Franco, Imagem ...Coimbra,I,375

*** End of File


Structure file: /kleio-home/structures/sources.str
Structure processing report: /kleio-home/structures/sources.srpt
Structure in JSON: /kleio-home/structures/sources.str.json

Kleio file: /kleio-home/sources/dehergne-n.cli
Original file: /kleio-home/sources/dehergne-n.org
Previous version: /kleio-home/sources/dehergne-n.old
Temp file with ids: /kleio-home/sources/dehergne-n.ids
** - /kleio-home/sources/dehergne-n.cli-renamed to- /kleio-home/sources/dehergne-n.old
0  errors. 
1  warnings.
Translation finished.
