KleioTranslator - server version 12.0 - build 541 (MHK: 2235/master) (2023-07-04 04:34:23, MHK: 06/08/2023 04:15 )
13-10-2023 4-47

Processing data file dehergne-y.cli
-------------------------------------------
Generic Act translation module with geoentities (XML).
     Joaquim Ramos de Carvalho (joaquim@uc.pt) 
** New document: kleio
=========================
kleio translation started
=========================
Structure: gacto2.str
Prefix: 
Autorel: 
Translation count: 18
Obs: 
** Processing source fonte$dehergne-y
7: lista$dehergne-notices-y
*** End of File


Structure file: /kleio-home/sources/dehergne/structures/sources.str
Structure processing report: /kleio-home/sources/dehergne/structures/sources.srpt
Structure in JSON: /kleio-home/sources/dehergne/structures/sources.str.json

Kleio file: /kleio-home/sources/dehergne/sources/dehergne-y.cli
Original file: /kleio-home/sources/dehergne/sources/dehergne-y.org
Previous version: /kleio-home/sources/dehergne/sources/dehergne-y.old
Temp file with ids: /kleio-home/sources/dehergne/sources/dehergne-y.ids
** - /kleio-home/sources/dehergne/sources/dehergne-y.cli-renamed to- /kleio-home/sources/dehergne/sources/dehergne-y.old
0  errors. 
0  warnings.
Translation finished.
