KleioTranslator - server version 2019.A2 - build 311 (Import-identifications) 29/09/2020 07:34 
23-12-2020 12-31

Processing data file dehergne-k.cli
-------------------------------------------
Generic Act translation module with geoentities (XML).
     Joaquim Ramos de Carvalho (joaquim@uc.pt) 
** New document: kleio
=========================
kleio translation started
=========================
Structure: gacto2.str
Prefix: 
Autorel: 
Translation count: 9
Obs: 
** Processing source fonte$dehergne-B
6: lista$dehergne-notices-k
*** End of File

Line 23 "SAME AS" TO EXTERNAL REFERENCE EXPORTED (deh-jean-regis-lieou) CHECK IF IT EXISTS BEFORE IMPORTING THIS FILE.
Line 26 "SAME AS" TO EXTERNAL REFERENCE EXPORTED (deh-jean-joseph-marie-amiot) CHECK IF IT EXISTS BEFORE IMPORTING THIS FILE.

** Processed file- /kleio-home/sources/toliveira/sources/dehergne-k.cli
** Original file- /kleio-home/sources/toliveira/sources/dehergne-k.org
** Previous version- /kleio-home/sources/toliveira/sources/dehergne-k.old
** Temp file with ids- /kleio-home/sources/toliveira/sources/dehergne-k.ids
** - /kleio-home/sources/toliveira/sources/dehergne-k.cli-renamed to- /kleio-home/sources/toliveira/sources/dehergne-k.old
** - /kleio-home/sources/toliveira/sources/dehergne-k.ids-renamed to- /kleio-home/sources/toliveira/sources/dehergne-k.cli
** Translation files closed.
0  errors. 
0  warnings.
Translation finished.
