KleioTranslator - server version 2019.A2 - build 274 (Import-identifications) 22/07/2020 19:36 
22-7-2020 19-53

Processing data file dehergne.cli
-------------------------------------------
Generic Act translation module with geoentities (XML).
     Joaquim Ramos de Carvalho (joaquim@uc.pt) 
** New document: kleio
=========================
kleio translation started
=========================
Structure: gacto2.str
Prefix: 
Autorel: 
Translation count: 18
Obs: 
** Processing source fonte$dehergne-A
6: lista$dehergne-notices-A
*** End of File


** Processed file- /kleio-home/sources/china-proposop/china-prosop-sources/sources/dehergne.cli
** Original file- /kleio-home/sources/china-proposop/china-prosop-sources/sources/dehergne.org
** Previous version- /kleio-home/sources/china-proposop/china-prosop-sources/sources/dehergne.old
** Temp file with ids- /kleio-home/sources/china-proposop/china-prosop-sources/sources/dehergne.ids
** - /kleio-home/sources/china-proposop/china-prosop-sources/sources/dehergne.cli-renamed to- /kleio-home/sources/china-proposop/china-prosop-sources/sources/dehergne.old
** - /kleio-home/sources/china-proposop/china-prosop-sources/sources/dehergne.ids-renamed to- /kleio-home/sources/china-proposop/china-prosop-sources/sources/dehergne.cli
** Translation files closed.
0  errors. 
0  warnings.
Translation finished.
