KleioTranslator - server version 12.0 - build 541 (MHK: 2235/master) (2023-07-04 04:34:23, MHK: 06/08/2023 04:15 )
13-10-2023 4-47

Processing data file dehergne-z.cli
-------------------------------------------
Generic Act translation module with geoentities (XML).
     Joaquim Ramos de Carvalho (joaquim@uc.pt) 
** New document: kleio
=========================
kleio translation started
=========================
Structure: gacto2.str
Prefix: 
Autorel: 
Translation count: 27
Obs: 
** Processing source fonte$dehergne-z
7: lista$dehergne-notices-z
*** End of File

Line 83 "SAME AS" TO EXTERNAL REFERENCE EXPORTED (deh-giovanni-laureati) CHECK IF IT EXISTS BEFORE IMPORTING THIS FILE.

Structure file: /kleio-home/sources/dehergne/structures/sources.str
Structure processing report: /kleio-home/sources/dehergne/structures/sources.srpt
Structure in JSON: /kleio-home/sources/dehergne/structures/sources.str.json

Kleio file: /kleio-home/sources/dehergne/sources/dehergne-z.cli
Original file: /kleio-home/sources/dehergne/sources/dehergne-z.org
Previous version: /kleio-home/sources/dehergne/sources/dehergne-z.old
Temp file with ids: /kleio-home/sources/dehergne/sources/dehergne-z.ids
** - /kleio-home/sources/dehergne/sources/dehergne-z.cli-renamed to- /kleio-home/sources/dehergne/sources/dehergne-z.old
0  errors. 
0  warnings.
Translation finished.
