KleioTranslator - server version 2019.A2 - build 311 (Import-identifications) 29/09/2020 07:34 
28-5-2021 13-38

Processing data file dehergne-i.cli
-------------------------------------------
Generic Act translation module with geoentities (XML).
     Joaquim Ramos de Carvalho (joaquim@uc.pt) 
** New document: kleio
=========================
kleio translation started
=========================
Structure: gacto2.str
Prefix: 
Autorel: 
Translation count: 18
Obs: 
** Processing source fonte$dehergne-I
6: lista$dehergne-notices-i
*** End of File


** Processed file- /kleio-home/sources/toliveira/sources/dehergne-i.cli
** Original file- /kleio-home/sources/toliveira/sources/dehergne-i.org
** Previous version- /kleio-home/sources/toliveira/sources/dehergne-i.old
** Temp file with ids- /kleio-home/sources/toliveira/sources/dehergne-i.ids
** - /kleio-home/sources/toliveira/sources/dehergne-i.cli-renamed to- /kleio-home/sources/toliveira/sources/dehergne-i.old
** - /kleio-home/sources/toliveira/sources/dehergne-i.ids-renamed to- /kleio-home/sources/toliveira/sources/dehergne-i.cli
** Translation files closed.
0  errors. 
0  warnings.
Translation finished.
