KleioTranslator - server version 2019.A2 - build 311 (Import-identifications) 29/09/2020 07:34 
23-2-2021 0-42

Processing data file dehergne-f.cli
-------------------------------------------
Generic Act translation module with geoentities (XML).
     Joaquim Ramos de Carvalho (joaquim@uc.pt) 
** New document: kleio
=========================
kleio translation started
=========================
Structure: gacto2.str
Prefix: 
Autorel: 
Translation count: 66
Obs: 
** Processing source fonte$dehergne-F
6: lista$dehergne-notices-f
*** End of File

Line 1075 "SAME AS" TO EXTERNAL REFERENCE EXPORTED (deh-charles-de-belleville) CHECK IF IT EXISTS BEFORE IMPORTING THIS FILE.
Line 1167 "SAME AS" TO EXTERNAL REFERENCE EXPORTED (deh-joachim-bouvet) CHECK IF IT EXISTS BEFORE IMPORTING THIS FILE.
Line 1448 "SAME AS" TO EXTERNAL REFERENCE EXPORTED (deh-nicolas-dufour) CHECK IF IT EXISTS BEFORE IMPORTING THIS FILE.

** Processed file- /kleio-home/sources/toliveira/sources/dehergne-f.cli
** Original file- /kleio-home/sources/toliveira/sources/dehergne-f.org
** Previous version- /kleio-home/sources/toliveira/sources/dehergne-f.old
** Temp file with ids- /kleio-home/sources/toliveira/sources/dehergne-f.ids
** - /kleio-home/sources/toliveira/sources/dehergne-f.cli-renamed to- /kleio-home/sources/toliveira/sources/dehergne-f.old
** - /kleio-home/sources/toliveira/sources/dehergne-f.ids-renamed to- /kleio-home/sources/toliveira/sources/dehergne-f.cli
** Translation files closed.
0  errors. 
0  warnings.
Translation finished.
