KleioTranslator - server version 2019.A2 - build 311 (Import-identifications) 29/09/2020 07:34 
11-2-2021 17-3

Processing data file dehergne-f.cli
-------------------------------------------
Generic Act translation module with geoentities (XML).
     Joaquim Ramos de Carvalho (joaquim@uc.pt) 
** New document: kleio
=========================
kleio translation started
=========================
Structure: gacto2.str
Prefix: 
Autorel: 
Translation count: 38
Obs: 
** Processing source fonte$dehergne-F
6: lista$dehergne-notices-f

WARNING: dehergne-f.cli line 251 destination id of "same as" not found. Will check again at the end of file.
Near lines: 251             irmao$Sébastien Fernandes Tchong/mesmo_que=deh-sebastien-fernandes-tchong/id=deh-jean-fernandes-tchong-irmao
Near line: 252                ls$nacionalidade/China

*** End of File

Line 255 "SAME AS" TO EXTERNAL REFERENCE EXPORTED (bio-matteo-ricci) CHECK IF IT EXISTS BEFORE IMPORTING THIS FILE.
Line 372 "SAME AS" TO EXTERNAL REFERENCE EXPORTED (bio-matteo-ricci) CHECK IF IT EXISTS BEFORE IMPORTING THIS FILE.

** Processed file- /kleio-home/sources/toliveira/sources/dehergne-f.cli
** Original file- /kleio-home/sources/toliveira/sources/dehergne-f.org
** Previous version- /kleio-home/sources/toliveira/sources/dehergne-f.old
** Temp file with ids- /kleio-home/sources/toliveira/sources/dehergne-f.ids
** - /kleio-home/sources/toliveira/sources/dehergne-f.cli-renamed to- /kleio-home/sources/toliveira/sources/dehergne-f.old
** - /kleio-home/sources/toliveira/sources/dehergne-f.ids-renamed to- /kleio-home/sources/toliveira/sources/dehergne-f.cli
** Translation files closed.
0  errors. 
1  warnings.
Translation finished.
