KleioTranslator - server version 12.9 - build 592 2026-03-19 23:14:02
2026-03-20 02:48:35


Processing data file dehergne-n.cli
-------------------------------------------
Generic Act translation module with geoentities (XML).
     Joaquim Ramos de Carvalho (joaquim@uc.pt) 
** New document: kleio
=========================
kleio translation started
=========================
Declared structure: gacto2.str
Used structure: /usr/local/timelink/clio/src/stru/gacto2.str
Prefix: 
Autorel: 
Translation count: 80
Obs: 
** Processing source fonte$dehergne-n
15: lista$dehergne-notices-n
*** End of File

Line 255 "SAME AS" TO EXTERNAL REFERENCE EXPORTED (deh-antoine-thomas) CHECK IF IT EXISTS BEFORE IMPORTING THIS FILE.

Structure file: /usr/local/timelink/clio/src/stru/gacto2.str
Structure processing report: /usr/local/timelink/clio/src/stru/gacto2.srpt
Structure in JSON: /usr/local/timelink/clio/src/stru/gacto2.str.json

Kleio file: /kleio-home/sources/dehergne-n.cli
Original file: /kleio-home/sources/dehergne-n.org
Previous version: /kleio-home/sources/dehergne-n.old
Local structure file: /kleio-home/sources/dehergne-n-auto-structure.yaml
Temp file with ids: /kleio-home/sources/dehergne-n.ids
** - /kleio-home/sources/dehergne-n.cli-renamed to- /kleio-home/sources/dehergne-n.old

Groups in this file: [attribute,historical-act,historical-source,kleio,link,person,relation,ls,pt-acto,fonte,female,male,rel,lista,parentef,actorm,parentem,referido,kin-mother,mad,n,irmao,kin-father,mae,pai]
Elements in this file: [ano,autorels,data,date,day,destination,destname,dia,id,iddest,kleiofile,loc,localizacao,mes,mesmo_que,month,name,nome,nomedest,obs,prefix,ref,replace,same_as,sex,sexo,shortname,structure,substitui,tipo,translations,translator,type,urlpattern,valor,value,xmesmo_que,xsame_as,year]

0  errors. 
0  warnings.
Translation finished.
