KleioTranslator - server version 2019.A2 - build 312 (master) 03/10/2020 17:40 
27-10-2020 7-32

Processing data file dehergne-a.cli
-------------------------------------------
Generic Act translation module with geoentities (XML).
     Joaquim Ramos de Carvalho (joaquim@uc.pt) 
** New document: kleio
=========================
kleio translation started
=========================
Structure: gacto2.str
Prefix: 
Autorel: 
Translation count: 4
Obs: 
** Processing source fonte$dehergne-A
6: lista$dehergne-notices-a
*** End of File


** Processed file- /kleio-home/sources/china-proposop/china-prosop-sources/sources/dehergne-a.cli
** Original file- /kleio-home/sources/china-proposop/china-prosop-sources/sources/dehergne-a.org
** Previous version- /kleio-home/sources/china-proposop/china-prosop-sources/sources/dehergne-a.old
** Temp file with ids- /kleio-home/sources/china-proposop/china-prosop-sources/sources/dehergne-a.ids
** - /kleio-home/sources/china-proposop/china-prosop-sources/sources/dehergne-a.cli-renamed to- /kleio-home/sources/china-proposop/china-prosop-sources/sources/dehergne-a.old
** - /kleio-home/sources/china-proposop/china-prosop-sources/sources/dehergne-a.ids-renamed to- /kleio-home/sources/china-proposop/china-prosop-sources/sources/dehergne-a.cli
** Translation files closed.
0  errors. 
0  warnings.
Translation finished.
