KleioTranslator - server version 2019.A2 - build 311 (Import-identifications) 29/09/2020 07:34 
22-4-2021 10-16

Processing data file dehergne-o.cli
-------------------------------------------
Generic Act translation module with geoentities (XML).
     Joaquim Ramos de Carvalho (joaquim@uc.pt) 
** New document: kleio
=========================
kleio translation started
=========================
Structure: gacto2.str
Prefix: 
Autorel: 
Translation count: 20
Obs: 
** Processing source fonte$dehergne-o
6: lista$dehergne-notices-o
*** End of File

Line 43 "SAME AS" TO EXTERNAL REFERENCE EXPORTED (deh-gabriel-de-magalhaes) CHECK IF IT EXISTS BEFORE IMPORTING THIS FILE.
Line 145 "SAME AS" TO EXTERNAL REFERENCE EXPORTED (deh-miguel-do-amaral) CHECK IF IT EXISTS BEFORE IMPORTING THIS FILE.

** Processed file- /kleio-home/sources/toliveira/sources/dehergne-o.cli
** Original file- /kleio-home/sources/toliveira/sources/dehergne-o.org
** Previous version- /kleio-home/sources/toliveira/sources/dehergne-o.old
** Temp file with ids- /kleio-home/sources/toliveira/sources/dehergne-o.ids
** - /kleio-home/sources/toliveira/sources/dehergne-o.cli-renamed to- /kleio-home/sources/toliveira/sources/dehergne-o.old
** - /kleio-home/sources/toliveira/sources/dehergne-o.ids-renamed to- /kleio-home/sources/toliveira/sources/dehergne-o.cli
** Translation files closed.
0  errors. 
0  warnings.
Translation finished.
