KleioTranslator - server version 10.18 - build 463 (MHK: 2065/master) (2022-06-15 14:08:16, MHK: 12/11/2022 13:27 )
14-12-2022 10-52

Processing data file dehergne-locations-1644.cli
-------------------------------------------
Generic Act translation module with geoentities (XML).
     Joaquim Ramos de Carvalho (joaquim@uc.pt) 
** New document: kleio
=========================
kleio translation started
=========================
Structure: gacto2.str
Prefix: 
Autorel: 
Translation count: 41
Obs: 
** Processing source fonte$dehergne-locations-1644
93: geodesc$deh-chre-1644
*** End of File


** Processed file- /kleio-home/sources/china-coimbra/sources/dehergne-repertoire/sources/dehergne-locations-1644.cli
** Original file- /kleio-home/sources/china-coimbra/sources/dehergne-repertoire/sources/dehergne-locations-1644.org
** Previous version- /kleio-home/sources/china-coimbra/sources/dehergne-repertoire/sources/dehergne-locations-1644.old
** Temp file with ids- /kleio-home/sources/china-coimbra/sources/dehergne-repertoire/sources/dehergne-locations-1644.ids
** - /kleio-home/sources/china-coimbra/sources/dehergne-repertoire/sources/dehergne-locations-1644.cli-renamed to- /kleio-home/sources/china-coimbra/sources/dehergne-repertoire/sources/dehergne-locations-1644.old
0  errors. 
0  warnings.
Translation finished.
