KleioTranslator - server version @@VERSION@@ - build @@BUILD@@ @@DATE@@
30-9-2020 20-15

Processing data file dehergne-o.cli
-------------------------------------------
Generic Act translation module with geoentities (XML).
     Joaquim Ramos de Carvalho (joaquim@uc.pt) 
** New document: kleio
=========================
kleio translation started
=========================
Structure: gacto2.str
Prefix: 
Autorel: 
Translation count: 5
Obs: 
** Processing source fonte$dehergne-o
5: lista$dehergne-notices-o
*** End of File


** Processed file- /Users/jrc/mhk-home/sources/china-proposop/china-prosop-sources/sources/dehergne-o.cli
** Original file- /Users/jrc/mhk-home/sources/china-proposop/china-prosop-sources/sources/dehergne-o.org
** Previous version- /Users/jrc/mhk-home/sources/china-proposop/china-prosop-sources/sources/dehergne-o.old
** Temp file with ids- /Users/jrc/mhk-home/sources/china-proposop/china-prosop-sources/sources/dehergne-o.ids
** - /Users/jrc/mhk-home/sources/china-proposop/china-prosop-sources/sources/dehergne-o.cli-renamed to- /Users/jrc/mhk-home/sources/china-proposop/china-prosop-sources/sources/dehergne-o.org
** - /Users/jrc/mhk-home/sources/china-proposop/china-prosop-sources/sources/dehergne-o.ids-renamed to- /Users/jrc/mhk-home/sources/china-proposop/china-prosop-sources/sources/dehergne-o.cli
** Translation files closed.
0  errors. 
0  warnings.
Translation finished.
