KleioTranslator - server version 2021.A4 - build 1957 (master) 13/08/2021 16:53 
23-9-2021 11-59

Processing data file dehergne-k.cli
-------------------------------------------
Generic Act translation module with geoentities (XML).
     Joaquim Ramos de Carvalho (joaquim@uc.pt) 
** New document: kleio
=========================
kleio translation started
=========================
Structure: gacto2.str
Prefix: 
Autorel: 
Translation count: 53
Obs: 
** Processing source fonte$dehergne-k
** Base name of file dehergne-k in dehergne-k.cli
6: lista$dehergne-notices-k
*** End of File

Line 185 "SAME AS" TO EXTERNAL REFERENCE EXPORTED (deh-pierre-tchen) CHECK IF IT EXISTS BEFORE IMPORTING THIS FILE.

** Processed file- /kleio-home/sources/toliveira/sources/dehergne-k.cli
** Original file- /kleio-home/sources/toliveira/sources/dehergne-k.org
** Previous version- /kleio-home/sources/toliveira/sources/dehergne-k.old
** Temp file with ids- /kleio-home/sources/toliveira/sources/dehergne-k.ids
** - /kleio-home/sources/toliveira/sources/dehergne-k.cli-renamed to- /kleio-home/sources/toliveira/sources/dehergne-k.old
** - /kleio-home/sources/toliveira/sources/dehergne-k.ids-renamed to- /kleio-home/sources/toliveira/sources/dehergne-k.cli
** Translation files closed.
0  errors. 
0  warnings.
Translation finished.
