KleioTranslator - server version 12.6 - build 576 2024-09-09 17:57:03
29-9-2024 11-36

Processing data file dehergne-s.cli
-------------------------------------------
Generic Act translation module with geoentities (XML).
     Joaquim Ramos de Carvalho (joaquim@uc.pt) 
** New document: kleio
=========================
kleio translation started
=========================
Structure: gacto2.str
Prefix: 
Autorel: 
Translation count: 171
Obs: 
** Processing source fonte$dehergne-s
12: lista$dehergne-notices-s
*** End of File

Line 105 "SAME AS" TO EXTERNAL REFERENCE EXPORTED (deh-francesco-maria-spinola) CHECK IF IT EXISTS BEFORE IMPORTING THIS FILE.
Line 1023 "SAME AS" TO EXTERNAL REFERENCE EXPORTED (deh-alessandro-cicero) CHECK IF IT EXISTS BEFORE IMPORTING THIS FILE.

Structure file: /kleio-home/structures/sources.str
Structure processing report: /kleio-home/structures/sources.srpt
Structure in JSON: /kleio-home/structures/sources.str.json

Kleio file: /kleio-home/sources/dehergne-s.cli
Original file: /kleio-home/sources/dehergne-s.org
Previous version: /kleio-home/sources/dehergne-s.old
Temp file with ids: /kleio-home/sources/dehergne-s.ids
** - /kleio-home/sources/dehergne-s.cli-renamed to- /kleio-home/sources/dehergne-s.old
0  errors. 
0  warnings.
Translation finished.
