KleioTranslator - server version 12.9 - build 592 2026-03-19 23:14:02
2026-08-26 03:14:30


Processing data file dehergne-0-abrev.cli
-------------------------------------------
Generic Act translation module with geoentities (XML).
     Joaquim Ramos de Carvalho (joaquim@uc.pt) 
** New document: kleio
=========================
kleio translation started
=========================
Declared structure: 
Used structure: /usr/local/timelink/clio/src/stru/gacto2.str
Prefix: 
Autorel: 
Translation count: 15
Obs: 
** Processing source fonte$dehergne-0-abrev
*** End of File


Structure file: /usr/local/timelink/clio/src/stru/gacto2.str
Structure processing report: /usr/local/timelink/clio/src/stru/gacto2.srpt
Structure in JSON: /usr/local/timelink/clio/src/stru/gacto2.str.json

Kleio file: /kleio-home/sources/dehergne-0-abrev.cli
Original file: /kleio-home/sources/dehergne-0-abrev.org
Previous version: /kleio-home/sources/dehergne-0-abrev.old
Local structure file: /kleio-home/sources/dehergne-0-abrev-auto-structure.yaml
Temp file with ids: /kleio-home/sources/dehergne-0-abrev.ids
** - /kleio-home/sources/dehergne-0-abrev.cli-renamed to- /kleio-home/sources/dehergne-0-abrev.old

Groups in this file: [historical-source,kleio,link,fonte]
Elements in this file: [ano,autorels,data,date,id,kleiofile,loc,localizacao,obs,prefix,ref,replace,shortname,structure,substitui,tipo,translations,translator,type,urlpattern,year]

Structure YAML file already exists, not generating new one.
0  errors. 
0  warnings.
Translation finished.
