KleioTranslator - server version @@VERSION@@ - build @@BUILD@@ @@DATE@@
30-6-2023 19-52

Processing data file dehergne-locations-1701.cli
-------------------------------------------
Generic Act translation module with geoentities (XML).
     Joaquim Ramos de Carvalho (joaquim@uc.pt) 
** New document: kleio
=========================
kleio translation started
=========================
Structure: gacto2.str
Prefix: 
Autorel: 
Translation count: 7
Obs: 
** Processing source fonte$dehergne-locations-1701
93: geodesc$deh-chre-1701
*** End of File


Structure file: /Users/jrc/mhk-home/sources/dehergne/structures/sources.str
Structure processing report: /Users/jrc/mhk-home/sources/dehergne/structures/sources.srpt
Structure in JSON: /Users/jrc/mhk-home/sources/dehergne/structures/sources.str.json

Kleio file: /Users/jrc/mhk-home/sources/dehergne/sources/dehergne-locations-1701.cli
Original file: /Users/jrc/mhk-home/sources/dehergne/sources/dehergne-locations-1701.org
Previous version: /Users/jrc/mhk-home/sources/dehergne/sources/dehergne-locations-1701.old
Temp file with ids: /Users/jrc/mhk-home/sources/dehergne/sources/dehergne-locations-1701.ids
** - /Users/jrc/mhk-home/sources/dehergne/sources/dehergne-locations-1701.cli-renamed to- /Users/jrc/mhk-home/sources/dehergne/sources/dehergne-locations-1701.old
0  errors. 
0  warnings.
Translation finished.
