KleioTranslator - server version @@VERSION@@ - build @@BUILD@@ @@DATE@@
29-6-2023 17-18

Processing data file dehergne-e.cli
-------------------------------------------
Generic Act translation module with geoentities (XML).
     Joaquim Ramos de Carvalho (joaquim@uc.pt) 
** New document: kleio
=========================
kleio translation started
=========================
Structure: gacto2.str
Prefix: 
Autorel: 
Translation count: 27
Obs: 
** Processing source fonte$dehergne-e
** Base name of file dehergne-e in dehergne-e.cli
6: lista$dehergne-notices-e
*** End of File

Line 104 "SAME AS" TO EXTERNAL REFERENCE EXPORTED (deh-pierre-van-spiere) CHECK IF IT EXISTS BEFORE IMPORTING THIS FILE.

Structure file: /Users/jrc/mhk-home/sources/dehergne/structures/sources.str
Structure processing report: /Users/jrc/mhk-home/sources/dehergne/structures/sources.srpt
Structure in JSON: /Users/jrc/mhk-home/sources/dehergne/structures/sources.str.json

Kleio file: /Users/jrc/mhk-home/sources/dehergne/sources/dehergne-e.cli
Original file: /Users/jrc/mhk-home/sources/dehergne/sources/dehergne-e.org
Previous version: /Users/jrc/mhk-home/sources/dehergne/sources/dehergne-e.old
Temp file with ids: /Users/jrc/mhk-home/sources/dehergne/sources/dehergne-e.ids
** - /Users/jrc/mhk-home/sources/dehergne/sources/dehergne-e.cli-renamed to- /Users/jrc/mhk-home/sources/dehergne/sources/dehergne-e.old
0  errors. 
0  warnings.
Translation finished.
