KleioTranslator - server version 12.8 - build 591 2025-03-14 12:56:23
15-3-2025 4-27

Processing data file dehergne-0-abrev.cli
-------------------------------------------
Generic Act translation module with geoentities (XML).
     Joaquim Ramos de Carvalho (joaquim@uc.pt) 
** New document: kleio
=========================
kleio translation started
=========================
Structure: 
Prefix: 
Autorel: 
Translation count: 11
Obs: 
** Processing source fonte$dehergne-0-abrev
*** End of File


Structure file: /kleio-home/sources/dehergne-repertoire/structures/sources.str
Structure processing report: /kleio-home/sources/dehergne-repertoire/structures/sources.srpt
Structure in JSON: /kleio-home/sources/dehergne-repertoire/structures/sources.str.json

Kleio file: /kleio-home/sources/dehergne-repertoire/sources/dehergne-0-abrev.cli
Original file: /kleio-home/sources/dehergne-repertoire/sources/dehergne-0-abrev.org
Previous version: /kleio-home/sources/dehergne-repertoire/sources/dehergne-0-abrev.old
Temp file with ids: /kleio-home/sources/dehergne-repertoire/sources/dehergne-0-abrev.ids
** - /kleio-home/sources/dehergne-repertoire/sources/dehergne-0-abrev.cli-renamed to- /kleio-home/sources/dehergne-repertoire/sources/dehergne-0-abrev.old
0  errors. 
0  warnings.
Groups in this file:[fonte,link,kleio]
Translation finished.
