KleioTranslator - server version 2019.A2 - build 311 (Import-identifications) 29/09/2020 07:34 
5-2-2021 11-56

Processing data file dehergne-c.cli
-------------------------------------------
Generic Act translation module with geoentities (XML).
     Joaquim Ramos de Carvalho (joaquim@uc.pt) 
** New document: kleio
=========================
kleio translation started
=========================
Structure: gacto2.str
Prefix: 
Autorel: 
Translation count: 98
Obs: 
** Processing source fonte$dehergne-C
6: lista$dehergne-notices-c

ERROR: dehergne-c.cli line 2252 ** Error: missing element(s) in ls(att-1808) must have: valor
Near lines: 2252             ls$morte
Near line: 2253             ls$dehergne/obs=


ERROR: dehergne-c.cli line 2254 ** Error: missing element(s) in ls(att-1809) must have: valor
Near lines: 2254 
Near line: 2255             referido$João de Cazal/id=deh-joao-de-cazal-ref1

*** End of File

Line 849 "SAME AS" TO EXTERNAL REFERENCE EXPORTED (bio-matteo-ricci) CHECK IF IT EXISTS BEFORE IMPORTING THIS FILE.
Line 979 "SAME AS" TO EXTERNAL REFERENCE EXPORTED (bio-alessandro-valignano) CHECK IF IT EXISTS BEFORE IMPORTING THIS FILE.
Line 1070 "SAME AS" TO EXTERNAL REFERENCE EXPORTED (deh-francesco-maria-spinola) CHECK IF IT EXISTS BEFORE IMPORTING THIS FILE.
Line 1087 "SAME AS" TO EXTERNAL REFERENCE EXPORTED (deh-claudio-filippo-grimaldi) CHECK IF IT EXISTS BEFORE IMPORTING THIS FILE.
Line 1091 "SAME AS" TO EXTERNAL REFERENCE EXPORTED (deh-louis-archambaud) CHECK IF IT EXISTS BEFORE IMPORTING THIS FILE.
Line 1093 "SAME AS" TO EXTERNAL REFERENCE EXPORTED (deh-claude-de-beze) CHECK IF IT EXISTS BEFORE IMPORTING THIS FILE.
Line 1429 "SAME AS" TO EXTERNAL REFERENCE EXPORTED (deh-francisco-cabral) CHECK IF IT EXISTS BEFORE IMPORTING THIS FILE.
Line 1474 "SAME AS" TO EXTERNAL REFERENCE EXPORTED (bio-mateo-ricci) CHECK IF IT EXISTS BEFORE IMPORTING THIS FILE.
Line 1542 "SAME AS" TO EXTERNAL REFERENCE EXPORTED (deh-claude-de-beze) CHECK IF IT EXISTS BEFORE IMPORTING THIS FILE.
Line 1916 "SAME AS" TO EXTERNAL REFERENCE EXPORTED (deh-claudio-filippo-grimaldi) CHECK IF IT EXISTS BEFORE IMPORTING THIS FILE.
Line 2261 "SAME AS" TO EXTERNAL REFERENCE EXPORTED (deh-manuel-mendes) CHECK IF IT EXISTS BEFORE IMPORTING THIS FILE.

2  errors. 
0  warnings.
Translation finished.
