KleioTranslator - server version 12.4 - build 567 2024-02-07 13:02:03
15-3-2024 7-6

Processing data file dehergne-r.cli
-------------------------------------------
Generic Act translation module with geoentities (XML).
     Joaquim Ramos de Carvalho (joaquim@uc.pt) 
** New document: kleio
=========================
kleio translation started
=========================
Structure: gacto2.str
Prefix: 
Autorel: 
Translation count: 124
Obs: 

ERROR: dehergne-r.cli line 3 *** Current group lista cannot be linked with previous group link(lin-1)
Near lines: 3    link$bdcconline/"http://bdcconline.net/en/stories/$1"/obs="""


ERROR: dehergne-r.cli line 3 ***lista group not stored.
Near lines: 3    link$bdcconline/"http://bdcconline.net/en/stories/$1"/obs="""


ERROR: dehergne-r.cli line 3 ** Failure: undefined element.  lista$dehergne-notices-r

Near lines: 3    link$bdcconline/"http://bdcconline.net/en/stories/$1"/obs="""


ERROR: dehergne-r.cli line 3 ** Failure: undefined element. 0

Near lines: 3    link$bdcconline/"http://bdcconline.net/en/stories/$1"/obs="""


ERROR: dehergne-r.cli line 3 ** Failure: undefined element. 0

Near lines: 3    link$bdcconline/"http://bdcconline.net/en/stories/$1"/obs="""


ERROR: dehergne-r.cli line 3 ** Failure: undefined element. 0

Near lines: 3    link$bdcconline/"http://bdcconline.net/en/stories/$1"/obs="""


ERROR: dehergne-r.cli line 3 *** Current group n cannot be linked with previous group link(lin-2)
Near lines: 3    link$bdcconline/"http://bdcconline.net/en/stories/$1"/obs="""


ERROR: dehergne-r.cli line 3 ***n group not stored.
Near lines: 3    link$bdcconline/"http://bdcconline.net/en/stories/$1"/obs="""


ERROR: dehergne-r.cli line 3 ** Failure: undefined element.  n$Giovanni Raffaele

Near lines: 3    link$bdcconline/"http://bdcconline.net/en/stories/$1"/obs="""


ERROR: dehergne-r.cli line 3 *** Current group ls cannot be linked with previous group link(deh-giovanni-raffaele)
Near lines: 3    link$bdcconline/"http://bdcconline.net/en/stories/$1"/obs="""


ERROR: dehergne-r.cli line 3 ***ls group not stored.
Near lines: 3    link$bdcconline/"http://bdcconline.net/en/stories/$1"/obs="""


ERROR: dehergne-r.cli line 3 ** Failure: undefined element.  ls$nacionalidade

Near lines: 3    link$bdcconline/"http://bdcconline.net/en/stories/$1"/obs="""


ERROR: dehergne-r.cli line 3 ** Failure: undefined element. Itália

Near lines: 3    link$bdcconline/"http://bdcconline.net/en/stories/$1"/obs="""


ERROR: dehergne-r.cli line 3 ** ID already used in this file: deh-giovanni-raffaele
Near lines: 3    link$bdcconline/"http://bdcconline.net/en/stories/$1"/obs="""


ERROR: dehergne-r.cli line 3 *** Current group ls cannot be linked with previous group link(deh-giovanni-raffaele)
Near lines: 3    link$bdcconline/"http://bdcconline.net/en/stories/$1"/obs="""


ERROR: dehergne-r.cli line 3 ***ls group not stored.
Near lines: 3    link$bdcconline/"http://bdcconline.net/en/stories/$1"/obs="""


ERROR: dehergne-r.cli line 3 ** Failure: undefined element.  ls$jesuita-estatuto

Near lines: 3    link$bdcconline/"http://bdcconline.net/en/stories/$1"/obs="""


ERROR: dehergne-r.cli line 3 ** Failure: undefined element. Padre

Near lines: 3    link$bdcconline/"http://bdcconline.net/en/stories/$1"/obs="""


ERROR: dehergne-r.cli line 3 ** ID already used in this file: deh-giovanni-raffaele
Near lines: 3    link$bdcconline/"http://bdcconline.net/en/stories/$1"/obs="""


ERROR: dehergne-r.cli line 3 *** Current group ls cannot be linked with previous group link(deh-giovanni-raffaele)
Near lines: 3    link$bdcconline/"http://bdcconline.net/en/stories/$1"/obs="""


ERROR: dehergne-r.cli line 3 ***ls group not stored.
Near lines: 3    link$bdcconline/"http://bdcconline.net/en/stories/$1"/obs="""


ERROR: dehergne-r.cli line 3 ** Failure: undefined element.  ls$embarque

Near lines: 3    link$bdcconline/"http://bdcconline.net/en/stories/$1"/obs="""


ERROR: dehergne-r.cli line 3 ** Failure: undefined element. [Para a China]

Near lines: 3    link$bdcconline/"http://bdcconline.net/en/stories/$1"/obs="""


ERROR: dehergne-r.cli line 3 ** Failure: undefined element. 16440412

Near lines: 3    link$bdcconline/"http://bdcconline.net/en/stories/$1"/obs="""


ERROR: dehergne-r.cli line 3 ** ID already used in this file: deh-giovanni-raffaele
Near lines: 3    link$bdcconline/"http://bdcconline.net/en/stories/$1"/obs="""


ERROR: dehergne-r.cli line 3 *** Current group ls cannot be linked with previous group link(deh-giovanni-raffaele)
Near lines: 3    link$bdcconline/"http://bdcconline.net/en/stories/$1"/obs="""


ERROR: dehergne-r.cli line 3 ***ls group not stored.
Near lines: 3    link$bdcconline/"http://bdcconline.net/en/stories/$1"/obs="""


ERROR: dehergne-r.cli line 3 ** Failure: undefined element.  ls$wicky

Near lines: 3    link$bdcconline/"http://bdcconline.net/en/stories/$1"/obs="""


ERROR: dehergne-r.cli line 3 ** Failure: undefined element. 919

Near lines: 3    link$bdcconline/"http://bdcconline.net/en/stories/$1"/obs="""


ERROR: dehergne-r.cli line 3 ** Failure: undefined element. 16440412

Near lines: 3    link$bdcconline/"http://bdcconline.net/en/stories/$1"/obs="""


ERROR: dehergne-r.cli line 3 ** ID already used in this file: deh-giovanni-raffaele
Near lines: 3    link$bdcconline/"http://bdcconline.net/en/stories/$1"/obs="""


ERROR: dehergne-r.cli line 3 *** Current group ls cannot be linked with previous group link(deh-giovanni-raffaele)
Near lines: 3    link$bdcconline/"http://bdcconline.net/en/stories/$1"/obs="""


ERROR: dehergne-r.cli line 3 ***ls group not stored.
Near lines: 3    link$bdcconline/"http://bdcconline.net/en/stories/$1"/obs="""


ERROR: dehergne-r.cli line 3 ** Failure: undefined element.  ls$wicky-viagem

Near lines: 3    link$bdcconline/"http://bdcconline.net/en/stories/$1"/obs="""


ERROR: dehergne-r.cli line 3 ** Failure: undefined element. 78

Near lines: 3    link$bdcconline/"http://bdcconline.net/en/stories/$1"/obs="""


ERROR: dehergne-r.cli line 3 ** Failure: undefined element. 16440412

Near lines: 3    link$bdcconline/"http://bdcconline.net/en/stories/$1"/obs="""


ERROR: dehergne-r.cli line 3 ** ID already used in this file: deh-giovanni-raffaele
Near lines: 3    link$bdcconline/"http://bdcconline.net/en/stories/$1"/obs="""


ERROR: dehergne-r.cli line 3 *** Current group ls cannot be linked with previous group link(deh-giovanni-raffaele)
Near lines: 3    link$bdcconline/"http://bdcconline.net/en/stories/$1"/obs="""


ERROR: dehergne-r.cli line 3 ***ls group not stored.
Near lines: 3    link$bdcconline/"http://bdcconline.net/en/stories/$1"/obs="""


ERROR: dehergne-r.cli line 3 ** Failure: undefined element.  ls$morte

Near lines: 3    link$bdcconline/"http://bdcconline.net/en/stories/$1"/obs="""


ERROR: dehergne-r.cli line 3 ** Failure: undefined element. [No mar, a caminho da Índia]#no mar

Near lines: 3    link$bdcconline/"http://bdcconline.net/en/stories/$1"/obs="""


ERROR: dehergne-r.cli line 3 ** Failure: undefined element. 16440502

Near lines: 3    link$bdcconline/"http://bdcconline.net/en/stories/$1"/obs="""


ERROR: dehergne-r.cli line 3 ** ID already used in this file: deh-giovanni-raffaele
Near lines: 3    link$bdcconline/"http://bdcconline.net/en/stories/$1"/obs="""


ERROR: dehergne-r.cli line 3 *** Current group ls cannot be linked with previous group link(deh-giovanni-raffaele)
Near lines: 3    link$bdcconline/"http://bdcconline.net/en/stories/$1"/obs="""


ERROR: dehergne-r.cli line 3 ***ls group not stored.
Near lines: 3    link$bdcconline/"http://bdcconline.net/en/stories/$1"/obs="""


ERROR: dehergne-r.cli line 3 ** Failure: undefined element.  ls$dehergne

Near lines: 3    link$bdcconline/"http://bdcconline.net/en/stories/$1"/obs="""


ERROR: dehergne-r.cli line 3 ** Failure: undefined element. 669

Near lines: 3    link$bdcconline/"http://bdcconline.net/en/stories/$1"/obs="""


ERROR: dehergne-r.cli line 3 ** ID already used in this file: deh-giovanni-raffaele
Near lines: 3    link$bdcconline/"http://bdcconline.net/en/stories/$1"/obs="""


ERROR: dehergne-r.cli line 3 *** Current group n cannot be linked with previous group link(deh-giovanni-raffaele)
Near lines: 3    link$bdcconline/"http://bdcconline.net/en/stories/$1"/obs="""


ERROR: dehergne-r.cli line 3 ***n group not stored.
Near lines: 3    link$bdcconline/"http://bdcconline.net/en/stories/$1"/obs="""


ERROR: dehergne-r.cli line 3 ** Failure: undefined element.  n$Pedro Ramón

Near lines: 3    link$bdcconline/"http://bdcconline.net/en/stories/$1"/obs="""


ERROR: dehergne-r.cli line 3 ** ID already used in this file: deh-giovanni-raffaele
Near lines: 3    link$bdcconline/"http://bdcconline.net/en/stories/$1"/obs="""


ERROR: dehergne-r.cli line 3 *** Current group ls cannot be linked with previous group link(deh-giovanni-raffaele)
Near lines: 3    link$bdcconline/"http://bdcconline.net/en/stories/$1"/obs="""


ERROR: dehergne-r.cli line 3 ***ls group not stored.
Near lines: 3    link$bdcconline/"http://bdcconline.net/en/stories/$1"/obs="""


ERROR: dehergne-r.cli line 3 ** Failure: undefined element.  ls$nacionalidade

Near lines: 3    link$bdcconline/"http://bdcconline.net/en/stories/$1"/obs="""


ERROR: dehergne-r.cli line 3 ** Failure: undefined element. Espanha

Near lines: 3    link$bdcconline/"http://bdcconline.net/en/stories/$1"/obs="""


ERROR: dehergne-r.cli line 3 ** ID already used in this file: deh-giovanni-raffaele
Near lines: 3    link$bdcconline/"http://bdcconline.net/en/stories/$1"/obs="""


ERROR: dehergne-r.cli line 3 *** Current group ls cannot be linked with previous group link(deh-giovanni-raffaele)
Near lines: 3    link$bdcconline/"http://bdcconline.net/en/stories/$1"/obs="""


ERROR: dehergne-r.cli line 3 ***ls group not stored.
Near lines: 3    link$bdcconline/"http://bdcconline.net/en/stories/$1"/obs="""


ERROR: dehergne-r.cli line 3 ** Failure: undefined element.  ls$jesuita-estatuto

Near lines: 3    link$bdcconline/"http://bdcconline.net/en/stories/$1"/obs="""


ERROR: dehergne-r.cli line 3 ** Failure: undefined element. Padre

Near lines: 3    link$bdcconline/"http://bdcconline.net/en/stories/$1"/obs="""


ERROR: dehergne-r.cli line 3 ** ID already used in this file: deh-giovanni-raffaele
Near lines: 3    link$bdcconline/"http://bdcconline.net/en/stories/$1"/obs="""


ERROR: dehergne-r.cli line 3 *** Current group ls cannot be linked with previous group link(deh-giovanni-raffaele)
Near lines: 3    link$bdcconline/"http://bdcconline.net/en/stories/$1"/obs="""


ERROR: dehergne-r.cli line 3 ***ls group not stored.
Near lines: 3    link$bdcconline/"http://bdcconline.net/en/stories/$1"/obs="""


ERROR: dehergne-r.cli line 3 ** Failure: undefined element.  ls$nascimento

Near lines: 3    link$bdcconline/"http://bdcconline.net/en/stories/$1"/obs="""


ERROR: dehergne-r.cli line 3 ** Failure: undefined element. Saragoça# @wikidata:Q31926034

Near lines: 3    link$bdcconline/"http://bdcconline.net/en/stories/$1"/obs="""


ERROR: dehergne-r.cli line 3 ** Failure: undefined element. 15500000

Near lines: 3    link$bdcconline/"http://bdcconline.net/en/stories/$1"/obs="""


ERROR: dehergne-r.cli line 3 ** ID already used in this file: deh-giovanni-raffaele
Near lines: 3    link$bdcconline/"http://bdcconline.net/en/stories/$1"/obs="""


ERROR: dehergne-r.cli line 3 *** Current group ls cannot be linked with previous group link(deh-giovanni-raffaele)
Near lines: 3    link$bdcconline/"http://bdcconline.net/en/stories/$1"/obs="""


ERROR: dehergne-r.cli line 3 ***ls group not stored.
Near lines: 3    link$bdcconline/"http://bdcconline.net/en/stories/$1"/obs="""


ERROR: dehergne-r.cli line 3 ** Failure: undefined element.  ls$jesuita-entrada

Near lines: 3    link$bdcconline/"http://bdcconline.net/en/stories/$1"/obs="""


ERROR: dehergne-r.cli line 3 ** Failure: undefined element. Alcalá de Henares# @wikidata:Q46940

Near lines: 3    link$bdcconline/"http://bdcconline.net/en/stories/$1"/obs="""


ERROR: dehergne-r.cli line 3 ** Failure: undefined element. 15710000

Near lines: 3    link$bdcconline/"http://bdcconline.net/en/stories/$1"/obs="""


ERROR: dehergne-r.cli line 3 ** ID already used in this file: deh-giovanni-raffaele
Near lines: 3    link$bdcconline/"http://bdcconline.net/en/stories/$1"/obs="""


ERROR: dehergne-r.cli line 3 *** Current group ls cannot be linked with previous group link(deh-giovanni-raffaele)
Near lines: 3    link$bdcconline/"http://bdcconline.net/en/stories/$1"/obs="""


ERROR: dehergne-r.cli line 3 ***ls group not stored.
Near lines: 3    link$bdcconline/"http://bdcconline.net/en/stories/$1"/obs="""


ERROR: dehergne-r.cli line 3 ** Failure: undefined element.  ls$embarque

Near lines: 3    link$bdcconline/"http://bdcconline.net/en/stories/$1"/obs="""


ERROR: dehergne-r.cli line 3 ** Failure: undefined element. Sta. Bárbara

Near lines: 3    link$bdcconline/"http://bdcconline.net/en/stories/$1"/obs="""


ERROR: dehergne-r.cli line 3 ** Failure: undefined element. 15740321

Near lines: 3    link$bdcconline/"http://bdcconline.net/en/stories/$1"/obs="""


ERROR: dehergne-r.cli line 3 ** ID already used in this file: deh-giovanni-raffaele
Near lines: 3    link$bdcconline/"http://bdcconline.net/en/stories/$1"/obs="""


ERROR: dehergne-r.cli line 3 *** Current group ls cannot be linked with previous group link(deh-giovanni-raffaele)
Near lines: 3    link$bdcconline/"http://bdcconline.net/en/stories/$1"/obs="""


ERROR: dehergne-r.cli line 3 ***ls group not stored.
Near lines: 3    link$bdcconline/"http://bdcconline.net/en/stories/$1"/obs="""


ERROR: dehergne-r.cli line 3 ** Failure: undefined element.  ls$wicky

Near lines: 3    link$bdcconline/"http://bdcconline.net/en/stories/$1"/obs="""


ERROR: dehergne-r.cli line 3 ** Failure: undefined element. 153

Near lines: 3    link$bdcconline/"http://bdcconline.net/en/stories/$1"/obs="""


ERROR: dehergne-r.cli line 3 ** Failure: undefined element. 15740321

Near lines: 3    link$bdcconline/"http://bdcconline.net/en/stories/$1"/obs="""


ERROR: dehergne-r.cli line 3 ** ID already used in this file: deh-giovanni-raffaele
Near lines: 3    link$bdcconline/"http://bdcconline.net/en/stories/$1"/obs="""


ERROR: dehergne-r.cli line 3 *** Current group ls cannot be linked with previous group link(deh-giovanni-raffaele)
Near lines: 3    link$bdcconline/"http://bdcconline.net/en/stories/$1"/obs="""


ERROR: dehergne-r.cli line 3 ***ls group not stored.
Near lines: 3    link$bdcconline/"http://bdcconline.net/en/stories/$1"/obs="""


ERROR: dehergne-r.cli line 3 ** Failure: undefined element.  ls$wicky-viagem

Near lines: 3    link$bdcconline/"http://bdcconline.net/en/stories/$1"/obs="""


ERROR: dehergne-r.cli line 3 ** Failure: undefined element. 21

Near lines: 3    link$bdcconline/"http://bdcconline.net/en/stories/$1"/obs="""


ERROR: dehergne-r.cli line 3 ** Failure: undefined element. 15740321

Near lines: 3    link$bdcconline/"http://bdcconline.net/en/stories/$1"/obs="""


ERROR: dehergne-r.cli line 3 ** ID already used in this file: deh-giovanni-raffaele
Near lines: 3    link$bdcconline/"http://bdcconline.net/en/stories/$1"/obs="""


ERROR: dehergne-r.cli line 3 *** Current group ls cannot be linked with previous group link(deh-giovanni-raffaele)
Near lines: 3    link$bdcconline/"http://bdcconline.net/en/stories/$1"/obs="""


ERROR: dehergne-r.cli line 3 ***ls group not stored.
Near lines: 3    link$bdcconline/"http://bdcconline.net/en/stories/$1"/obs="""


ERROR: dehergne-r.cli line 3 ** Failure: undefined element.  ls$estadia

Near lines: 3    link$bdcconline/"http://bdcconline.net/en/stories/$1"/obs="""


ERROR: dehergne-r.cli line 3 ** Failure: undefined element. Japão# @wikidata:Q17

Near lines: 3    link$bdcconline/"http://bdcconline.net/en/stories/$1"/obs="""


ERROR: dehergne-r.cli line 3 ** Failure: undefined element. 15770000

Near lines: 3    link$bdcconline/"http://bdcconline.net/en/stories/$1"/obs="""


ERROR: dehergne-r.cli line 3 ** ID already used in this file: deh-giovanni-raffaele
Near lines: 3    link$bdcconline/"http://bdcconline.net/en/stories/$1"/obs="""


ERROR: dehergne-r.cli line 3 *** Current group ls cannot be linked with previous group link(deh-giovanni-raffaele)
Near lines: 3    link$bdcconline/"http://bdcconline.net/en/stories/$1"/obs="""


ERROR: dehergne-r.cli line 3 ***ls group not stored.
Near lines: 3    link$bdcconline/"http://bdcconline.net/en/stories/$1"/obs="""


ERROR: dehergne-r.cli line 3 ** Failure: undefined element.  ls$estadia

Near lines: 3    link$bdcconline/"http://bdcconline.net/en/stories/$1"/obs="""


ERROR: dehergne-r.cli line 3 ** Failure: undefined element. Macau# @wikidata:Q14773

Near lines: 3    link$bdcconline/"http://bdcconline.net/en/stories/$1"/obs="""

*** ERROR: MAXIMUM NUMBER OF ERRORS REACHED. TRANSLATION ABORTED.

ERROR: dehergne-r.cli line 3 ** Failure: undefined element. 15951100

Near lines: 3    link$bdcconline/"http://bdcconline.net/en/stories/$1"/obs="""


ERROR: dehergne-r.cli line 3 ** ID already used in this file: deh-giovanni-raffaele
Near lines: 3    link$bdcconline/"http://bdcconline.net/en/stories/$1"/obs="""

*** End of File


Structure file: /kleio-home/structures/sources.str
Structure processing report: /kleio-home/structures/sources.srpt
Structure in JSON: /kleio-home/structures/sources.str.json

Kleio file: /kleio-home/sources/dehergne-r.cli
Original file: /kleio-home/sources/dehergne-r.org
Previous version: /kleio-home/sources/dehergne-r.old
104  errors. 
0  warnings.
Translation finished.
