KleioTranslator - server version 2021.A4 - build 1902 (master) 17/06/2021 10:16 
17-6-2021 2-27

Processing data file dehergne-p.cli
-------------------------------------------
Generic Act translation module with geoentities (XML).
     Joaquim Ramos de Carvalho (joaquim@uc.pt) 
** New document: kleio
=========================
kleio translation started
=========================
Structure: gacto2.str
Prefix: 
Autorel: 
Translation count: 116
Obs: 
** Processing source fonte$dehergne-p
** Base name of file dehergne-p.cli

WARNING: dehergne-p.cli line 3 * Warning: Filename should match source Id to avoid errors. File: dehergne-p.cli Id: dehergne-p.
Near lines: 3 
Near line: 4       lista$dehergne-notices-p/0/0/0

6: lista$dehergne-notices-p
*** End of File

Line 777 "SAME AS" TO EXTERNAL REFERENCE EXPORTED (deh-antoine-thomas) CHECK IF IT EXISTS BEFORE IMPORTING THIS FILE.
Line 839 "SAME AS" TO EXTERNAL REFERENCE EXPORTED (deh-goncalo-alvares) CHECK IF IT EXISTS BEFORE IMPORTING THIS FILE.
Line 1504 "SAME AS" TO EXTERNAL REFERENCE EXPORTED (deh-louis-brouet) CHECK IF IT EXISTS BEFORE IMPORTING THIS FILE.

** Processed file- /kleio-home/sources/toliveira-china/sources/dehergne-p.cli
** Original file- /kleio-home/sources/toliveira-china/sources/dehergne-p.org
** Previous version- /kleio-home/sources/toliveira-china/sources/dehergne-p.old
** Temp file with ids- /kleio-home/sources/toliveira-china/sources/dehergne-p.ids
** - /kleio-home/sources/toliveira-china/sources/dehergne-p.cli-renamed to- /kleio-home/sources/toliveira-china/sources/dehergne-p.old
** - /kleio-home/sources/toliveira-china/sources/dehergne-p.ids-renamed to- /kleio-home/sources/toliveira-china/sources/dehergne-p.cli
** Translation files closed.
0  errors. 
1  warnings.
Translation finished.
