KleioTranslator - server version 12.9 - build 592 2026-03-19 23:14:02
2026-03-20 02:48:10


Processing data file dehergne-i.cli
-------------------------------------------
Generic Act translation module with geoentities (XML).
     Joaquim Ramos de Carvalho (joaquim@uc.pt) 
** New document: kleio
=========================
kleio translation started
=========================
Declared structure: gacto2.str
Used structure: /usr/local/timelink/clio/src/stru/gacto2.str
Prefix: 
Autorel: 
Translation count: 49
Obs: 
** Processing source fonte$dehergne-i
7: lista$dehergne-notices-i
*** End of File


Structure file: /usr/local/timelink/clio/src/stru/gacto2.str
Structure processing report: /usr/local/timelink/clio/src/stru/gacto2.srpt
Structure in JSON: /usr/local/timelink/clio/src/stru/gacto2.str.json

Kleio file: /kleio-home/sources/dehergne-i.cli
Original file: /kleio-home/sources/dehergne-i.org
Previous version: /kleio-home/sources/dehergne-i.old
Local structure file: /kleio-home/sources/dehergne-i-auto-structure.yaml
Temp file with ids: /kleio-home/sources/dehergne-i.ids
** - /kleio-home/sources/dehergne-i.cli-renamed to- /kleio-home/sources/dehergne-i.old

Groups in this file: [attribute,historical-act,historical-source,kleio,link,person,ls,pt-acto,fonte,female,male,lista,parentef,actorm,parentem,referido,kin-mother,n,kin-father,mae,pai]
Elements in this file: [ano,autorels,data,date,day,dia,id,kleiofile,loc,localizacao,mes,mesmo_que,month,name,nome,obs,prefix,ref,replace,same_as,sex,sexo,shortname,structure,substitui,tipo,translations,translator,type,urlpattern,valor,value,xmesmo_que,xsame_as,year]

0  errors. 
0  warnings.
Translation finished.
