KleioTranslator - server version 12.9 - build 592 2026-03-19 23:14:02
2026-03-20 02:47:56


Processing data file dehergne-g.cli
-------------------------------------------
Generic Act translation module with geoentities (XML).
     Joaquim Ramos de Carvalho (joaquim@uc.pt) 
** New document: kleio
=========================
kleio translation started
=========================
Declared structure: gacto2.str
Used structure: /kleio-home/sources/dehergne-g-structure.yaml
Prefix: 
Autorel: 
Translation count: 184
Obs: 
** Processing source fonte$dehergne-g
19: lista$dehergne-notices-g
*** End of File

Line 693 "SAME AS" TO EXTERNAL REFERENCE EXPORTED (deh-matteo-ricci) CHECK IF IT EXISTS BEFORE IMPORTING THIS FILE.

Structure file: /kleio-home/sources/dehergne-g-structure.yaml
Structure processing report: /kleio-home/sources/dehergne-g-structure.srpt
Structure in JSON: /kleio-home/sources/dehergne-g-structure.str.json

Kleio file: /kleio-home/sources/dehergne-g.cli
Original file: /kleio-home/sources/dehergne-g.org
Previous version: /kleio-home/sources/dehergne-g.old
Local structure file: /kleio-home/sources/dehergne-g-auto-structure.yaml
Temp file with ids: /kleio-home/sources/dehergne-g.ids
** - /kleio-home/sources/dehergne-g.cli-renamed to- /kleio-home/sources/dehergne-g.old

Groups in this file: [attribute,historical-act,historical-source,kleio,link,person,relation,ls,pt-acto,fonte,female,male,rel,atr,lista,parentef,referida,actorm,parentem,referido,kin-mother,n,kin-father,mae,pai,ppai]
Elements in this file: [ano,autorels,data,date,day,destination,destname,dia,id,iddest,kleiofile,loc,localizacao,mes,mesmo_que,month,name,nome,nomedest,obs,prefix,ref,replace,same_as,sex,sexo,shortname,structure,substitui,tipo,translations,translator,type,urlpattern,valor,value,xmesmo_que,xsame_as,year]

Structure YAML file already exists, not generating new one.
0  errors. 
0  warnings.
Translation finished.
