KleioTranslator - server version 2019.A2 - build 311 (Import-identifications) 29/09/2020 07:34 
26-11-2020 0-57

Processing data file dehergne.cli
-------------------------------------------
Generic Act translation module with geoentities (XML).
     Joaquim Ramos de Carvalho (joaquim@uc.pt) 
** New document: kleio
=========================
kleio translation started
=========================
Structure: gacto2.str
Prefix: 
Autorel: 
Translation count: 83
Obs: 
** Processing source fonte$dehergne-other
6: lista$dehergne-notices-other
*** End of File

Line 74 "SAME AS" TO EXTERNAL REFERENCE EXPORTED (bio-alessandro-valignano) CHECK IF IT EXISTS BEFORE IMPORTING THIS FILE.

** Processed file- /kleio-home/sources/toliveira/sources/dehergne.cli
** Original file- /kleio-home/sources/toliveira/sources/dehergne.org
** Previous version- /kleio-home/sources/toliveira/sources/dehergne.old
** Temp file with ids- /kleio-home/sources/toliveira/sources/dehergne.ids
** - /kleio-home/sources/toliveira/sources/dehergne.cli-renamed to- /kleio-home/sources/toliveira/sources/dehergne.old
** - /kleio-home/sources/toliveira/sources/dehergne.ids-renamed to- /kleio-home/sources/toliveira/sources/dehergne.cli
** Translation files closed.
0  errors. 
0  warnings.
Translation finished.
