KleioTranslator - server version 2019.A2 - build 312 (master) 03/10/2020 17:40 
18-2-2021 4-37

Processing data file dehergne-d.cli
-------------------------------------------
Generic Act translation module with geoentities (XML).
     Joaquim Ramos de Carvalho (joaquim@uc.pt) 
** New document: kleio
=========================
kleio translation started
=========================
Structure: gacto2.str
Prefix: 
Autorel: 
Translation count: 40
Obs: 
** Processing source fonte$dehergne-D
6: lista$dehergne-notices-d
*** End of File

Line 255 "SAME AS" TO EXTERNAL REFERENCE EXPORTED (deh-jean-francois-foucquet) CHECK IF IT EXISTS BEFORE IMPORTING THIS FILE.
Line 354 "SAME AS" TO EXTERNAL REFERENCE EXPORTED (deh-philippe-avril) CHECK IF IT EXISTS BEFORE IMPORTING THIS FILE.
Line 361 "SAME AS" TO EXTERNAL REFERENCE EXPORTED (deh-louis-barnabe) CHECK IF IT EXISTS BEFORE IMPORTING THIS FILE.
Line 421 "SAME AS" TO EXTERNAL REFERENCE EXPORTED (deh-belchior-nunes-barreto) CHECK IF IT EXISTS BEFORE IMPORTING THIS FILE.

** Processed file- /kleio-home/sources/toliveira-rev/sources/dehergne-d.cli
** Original file- /kleio-home/sources/toliveira-rev/sources/dehergne-d.org
** Previous version- /kleio-home/sources/toliveira-rev/sources/dehergne-d.old
** Temp file with ids- /kleio-home/sources/toliveira-rev/sources/dehergne-d.ids
** - /kleio-home/sources/toliveira-rev/sources/dehergne-d.cli-renamed to- /kleio-home/sources/toliveira-rev/sources/dehergne-d.old
** - /kleio-home/sources/toliveira-rev/sources/dehergne-d.ids-renamed to- /kleio-home/sources/toliveira-rev/sources/dehergne-d.cli
** Translation files closed.
0  errors. 
0  warnings.
Translation finished.
