KleioTranslator - server version 2019.A2 - build 311 (Import-identifications) 29/09/2020 07:34 
27-4-2021 12-30

Processing data file dehergne-p.cli
-------------------------------------------
Generic Act translation module with geoentities (XML).
     Joaquim Ramos de Carvalho (joaquim@uc.pt) 
** New document: kleio
=========================
kleio translation started
=========================
Structure: gacto2.str
Prefix: 
Autorel: 
Translation count: 94
Obs: 
** Processing source fonte$dehergne-p
6: lista$dehergne-notices-p
*** End of File

Line 757 "SAME AS" TO EXTERNAL REFERENCE EXPORTED (deh-antoine-thomas) CHECK IF IT EXISTS BEFORE IMPORTING THIS FILE.
Line 818 "SAME AS" TO EXTERNAL REFERENCE EXPORTED (deh-goncalo-alvares) CHECK IF IT EXISTS BEFORE IMPORTING THIS FILE.
Line 1468 "SAME AS" TO EXTERNAL REFERENCE EXPORTED (deh-louis-brouet) CHECK IF IT EXISTS BEFORE IMPORTING THIS FILE.

** Processed file- /kleio-home/sources/toliveira/sources/dehergne-p.cli
** Original file- /kleio-home/sources/toliveira/sources/dehergne-p.org
** Previous version- /kleio-home/sources/toliveira/sources/dehergne-p.old
** Temp file with ids- /kleio-home/sources/toliveira/sources/dehergne-p.ids
** - /kleio-home/sources/toliveira/sources/dehergne-p.cli-renamed to- /kleio-home/sources/toliveira/sources/dehergne-p.old
** - /kleio-home/sources/toliveira/sources/dehergne-p.ids-renamed to- /kleio-home/sources/toliveira/sources/dehergne-p.cli
** Translation files closed.
0  errors. 
0  warnings.
Translation finished.
