KleioTranslator - server version 12.9 - build 592 2026-03-19 23:14:02
2026-07-16 03:59:14


Processing data file dehergne-o.cli
-------------------------------------------
Generic Act translation module with geoentities (XML).
     Joaquim Ramos de Carvalho (joaquim@uc.pt) 
** New document: kleio
=========================
kleio translation started
=========================
Declared structure: gacto2.str
Used structure: /usr/local/timelink/clio/src/stru/gacto2.str
Prefix: 
Autorel: 
Translation count: 55
Obs: 
** Processing source fonte$dehergne-o
10: lista$dehergne-notices-o
*** End of File

Line 48 "SAME AS" TO EXTERNAL REFERENCE EXPORTED (deh-gabriel-de-magalhaes) CHECK IF IT EXISTS BEFORE IMPORTING THIS FILE.
Line 191 "SAME AS" TO EXTERNAL REFERENCE EXPORTED (deh-miguel-do-amaral) CHECK IF IT EXISTS BEFORE IMPORTING THIS FILE.

Structure file: /usr/local/timelink/clio/src/stru/gacto2.str
Structure processing report: /usr/local/timelink/clio/src/stru/gacto2.srpt
Structure in JSON: /usr/local/timelink/clio/src/stru/gacto2.str.json

Kleio file: /kleio-home/sources/dehergne-o.cli
Original file: /kleio-home/sources/dehergne-o.org
Previous version: /kleio-home/sources/dehergne-o.old
Local structure file: /kleio-home/sources/dehergne-o-auto-structure.yaml
Temp file with ids: /kleio-home/sources/dehergne-o.ids
** - /kleio-home/sources/dehergne-o.cli-renamed to- /kleio-home/sources/dehergne-o.old

Groups in this file: [attribute,historical-act,historical-source,kleio,link,person,relation,ls,pt-acto,fonte,female,male,rel,lista,parentef,actorm,parentem,referido,kin-mother,n,kin-father,mae,pai]
Elements in this file: [ano,autorels,data,date,day,destination,destname,dia,id,iddest,kleiofile,loc,localizacao,mes,mesmo_que,month,name,nome,nomedest,obs,prefix,ref,replace,same_as,sex,sexo,shortname,structure,substitui,tipo,translations,translator,type,urlpattern,valor,value,xmesmo_que,xsame_as,year]

Structure YAML file already exists, not generating new one.
0  errors. 
0  warnings.
Translation finished.
