KleioTranslator - server version 2019.A2 - build 311 (Import-identifications) 29/09/2020 07:34 
12-5-2021 17-41

Processing data file dehergne-w.cli
-------------------------------------------
Generic Act translation module with geoentities (XML).
     Joaquim Ramos de Carvalho (joaquim@uc.pt) 
** New document: kleio
=========================
kleio translation started
=========================
Structure: gacto2.str
Prefix: 
Autorel: 
Translation count: 24
Obs: 
** Processing source fonte$dehergne-w
6: lista$dehergne-notices-w
*** End of File

Line 119 "SAME AS" TO EXTERNAL REFERENCE EXPORTED (deh-antoine-thomas) CHECK IF IT EXISTS BEFORE IMPORTING THIS FILE.

** Processed file- /kleio-home/sources/toliveira/sources/dehergne-w.cli
** Original file- /kleio-home/sources/toliveira/sources/dehergne-w.org
** Previous version- /kleio-home/sources/toliveira/sources/dehergne-w.old
** Temp file with ids- /kleio-home/sources/toliveira/sources/dehergne-w.ids
** - /kleio-home/sources/toliveira/sources/dehergne-w.cli-renamed to- /kleio-home/sources/toliveira/sources/dehergne-w.old
** - /kleio-home/sources/toliveira/sources/dehergne-w.ids-renamed to- /kleio-home/sources/toliveira/sources/dehergne-w.cli
** Translation files closed.
0  errors. 
0  warnings.
Translation finished.
