KleioTranslator - server version 12.4 - build 567 2024-02-07 13:02:03
27-2-2024 13-40

Processing data file dehergne-k.cli
-------------------------------------------
Generic Act translation module with geoentities (XML).
     Joaquim Ramos de Carvalho (joaquim@uc.pt) 
** New document: kleio
=========================
kleio translation started
=========================
Structure: gacto2.str
Prefix: 
Autorel: 
Translation count: 60
Obs: 
** Processing source fonte$dehergne-k
7: lista$dehergne-notices-k
*** End of File

Line 186 "SAME AS" TO EXTERNAL REFERENCE EXPORTED (deh-pierre-tchen) CHECK IF IT EXISTS BEFORE IMPORTING THIS FILE.

Structure file: /kleio-home/structures/sources.str
Structure processing report: /kleio-home/structures/sources.srpt
Structure in JSON: /kleio-home/structures/sources.str.json

Kleio file: /kleio-home/sources/dehergne-k.cli
Original file: /kleio-home/sources/dehergne-k.org
Previous version: /kleio-home/sources/dehergne-k.old
Temp file with ids: /kleio-home/sources/dehergne-k.ids
** - /kleio-home/sources/dehergne-k.cli-renamed to- /kleio-home/sources/dehergne-k.old
0  errors. 
0  warnings.
Translation finished.
