KleioTranslator - server version 12.6 - build 576 2024-09-09 17:57:03
18-10-2024 6-52

Processing data file dehergne-i.cli
-------------------------------------------
Generic Act translation module with geoentities (XML).
     Joaquim Ramos de Carvalho (joaquim@uc.pt) 
** New document: kleio
=========================
kleio translation started
=========================
Structure: gacto2.str
Prefix: 
Autorel: 
Translation count: 34
Obs: 
** Processing source fonte$dehergne-i
7: lista$dehergne-notices-i
*** End of File


Structure file: /kleio-home/structures/sources.str
Structure processing report: /kleio-home/structures/sources.srpt
Structure in JSON: /kleio-home/structures/sources.str.json

Kleio file: /kleio-home/sources/dehergne-i.cli
Original file: /kleio-home/sources/dehergne-i.org
Previous version: /kleio-home/sources/dehergne-i.old
Temp file with ids: /kleio-home/sources/dehergne-i.ids
** - /kleio-home/sources/dehergne-i.cli-renamed to- /kleio-home/sources/dehergne-i.old
0  errors. 
0  warnings.
Translation finished.
