KleioTranslator - server version 12.8 - build 593 2025-03-16 21:55:53
28-5-2025 8-26

Processing data file dehergne-w.cli
-------------------------------------------
Generic Act translation module with geoentities (XML).
     Joaquim Ramos de Carvalho (joaquim@uc.pt) 
** New document: kleio
=========================
kleio translation started
=========================
Structure: gacto2.str
Prefix: 
Autorel: 
Translation count: 49
Obs: 
** Processing source fonte$dehergne-w
7: lista$dehergne-notices-w
*** End of File

Line 120 "SAME AS" TO EXTERNAL REFERENCE EXPORTED (deh-antoine-thomas) CHECK IF IT EXISTS BEFORE IMPORTING THIS FILE.

Structure file: /kleio-home/structures/sources.str
Structure processing report: /kleio-home/structures/sources.srpt
Structure in JSON: /kleio-home/structures/sources.str.json

Kleio file: /kleio-home/sources/dehergne-w.cli
Original file: /kleio-home/sources/dehergne-w.org
Previous version: /kleio-home/sources/dehergne-w.old
Temp file with ids: /kleio-home/sources/dehergne-w.ids
** - /kleio-home/sources/dehergne-w.cli-renamed to- /kleio-home/sources/dehergne-w.old
0  errors. 
0  warnings.
Groups in this file:[mae,pai,referido,rel,ls,n,lista,fonte,link,kleio]
Translation finished.
