KleioTranslator - server version 12.9 - build 592 2026-03-19 23:14:02
2026-08-26 03:44:29


Processing data file dehergne-e.cli
-------------------------------------------
Generic Act translation module with geoentities (XML).
     Joaquim Ramos de Carvalho (joaquim@uc.pt) 
** New document: kleio
=========================
kleio translation started
=========================
Declared structure: gacto2.str
Used structure: /usr/local/timelink/clio/src/stru/gacto2.str
Prefix: 
Autorel: 
Translation count: 48
Obs: 
** Processing source fonte$dehergne-e
7: lista$dehergne-notices-e
*** End of File

Line 150 "SAME AS" TO EXTERNAL REFERENCE EXPORTED (deh-pierre-van-spiere) CHECK IF IT EXISTS BEFORE IMPORTING THIS FILE.

Structure file: /usr/local/timelink/clio/src/stru/gacto2.str
Structure processing report: /usr/local/timelink/clio/src/stru/gacto2.srpt
Structure in JSON: /usr/local/timelink/clio/src/stru/gacto2.str.json

Kleio file: /kleio-home/sources/dehergne-e.cli
Original file: /kleio-home/sources/dehergne-e.org
Previous version: /kleio-home/sources/dehergne-e.old
Local structure file: /kleio-home/sources/dehergne-e-auto-structure.yaml
Temp file with ids: /kleio-home/sources/dehergne-e.ids
** - /kleio-home/sources/dehergne-e.cli-renamed to- /kleio-home/sources/dehergne-e.old

Groups in this file: [attribute,historical-act,historical-source,kleio,link,person,ls,pt-acto,fonte,male,lista,actorm,parentem,referido,n,irmao]
Elements in this file: [ano,autorels,data,date,day,dia,id,kleiofile,loc,localizacao,mes,mesmo_que,month,name,nome,obs,prefix,ref,replace,same_as,sex,sexo,shortname,structure,substitui,tipo,translations,translator,type,urlpattern,valor,value,xmesmo_que,xsame_as,year]

Structure YAML file already exists, not generating new one.
0  errors. 
0  warnings.
Translation finished.
