KleioTranslator - server version 2019.A2 - build 311 (Import-identifications) 29/09/2020 07:34 
25-4-2021 15-19

Processing data file dehergne-e.cli
-------------------------------------------
Generic Act translation module with geoentities (XML).
     Joaquim Ramos de Carvalho (joaquim@uc.pt) 
** New document: kleio
=========================
kleio translation started
=========================
Structure: gacto2.str
Prefix: 
Autorel: 
Translation count: 12
Obs: 
** Processing source fonte$dehergne-E
6: lista$dehergne-notices-e
*** End of File

Line 101 "SAME AS" TO EXTERNAL REFERENCE EXPORTED (deh-pierre-van-spiere) CHECK IF IT EXISTS BEFORE IMPORTING THIS FILE.

** Processed file- /kleio-home/sources/toliveira/sources/dehergne-e.cli
** Original file- /kleio-home/sources/toliveira/sources/dehergne-e.org
** Previous version- /kleio-home/sources/toliveira/sources/dehergne-e.old
** Temp file with ids- /kleio-home/sources/toliveira/sources/dehergne-e.ids
** - /kleio-home/sources/toliveira/sources/dehergne-e.cli-renamed to- /kleio-home/sources/toliveira/sources/dehergne-e.old
** - /kleio-home/sources/toliveira/sources/dehergne-e.ids-renamed to- /kleio-home/sources/toliveira/sources/dehergne-e.cli
** Translation files closed.
0  errors. 
0  warnings.
Translation finished.
