KleioTranslator - server version 12.5 - build 570 2024-02-29 07:39:02
16-3-2024 10-11

Processing data file dehergne-h.cli
-------------------------------------------
Generic Act translation module with geoentities (XML).
     Joaquim Ramos de Carvalho (joaquim@uc.pt) 
** New document: kleio
=========================
kleio translation started
=========================
Structure: gacto2.str
Prefix: 
Autorel: 
Translation count: 50
Obs: 
** Processing source fonte$dehergne-h
7: lista$dehergne-notices-h
*** End of File

Line 140 "SAME AS" TO EXTERNAL REFERENCE EXPORTED (deh-heinrich-van-vlierden) CHECK IF IT EXISTS BEFORE IMPORTING THIS FILE.
Line 404 "SAME AS" TO EXTERNAL REFERENCE EXPORTED (deh-francisco-xavier-rosario-ho) CHECK IF IT EXISTS BEFORE IMPORTING THIS FILE.

Structure file: /kleio-home/structures/sources.str
Structure processing report: /kleio-home/structures/sources.srpt
Structure in JSON: /kleio-home/structures/sources.str.json

Kleio file: /kleio-home/sources/dehergne-h.cli
Original file: /kleio-home/sources/dehergne-h.org
Previous version: /kleio-home/sources/dehergne-h.old
Temp file with ids: /kleio-home/sources/dehergne-h.ids
** - /kleio-home/sources/dehergne-h.cli-renamed to- /kleio-home/sources/dehergne-h.old
0  errors. 
0  warnings.
Translation finished.
