KleioTranslator - server version @@VERSION@@ - build @@BUILD@@ @@DATE@@
29-6-2023 17-18

Processing data file dehergne-h.cli
-------------------------------------------
Generic Act translation module with geoentities (XML).
     Joaquim Ramos de Carvalho (joaquim@uc.pt) 
** New document: kleio
=========================
kleio translation started
=========================
Structure: gacto2.str
Prefix: 
Autorel: 
Translation count: 45
Obs: 
** Processing source fonte$dehergne-h
8: lista$dehergne-notices-h
*** End of File

Line 141 "SAME AS" TO EXTERNAL REFERENCE EXPORTED (deh-heinrich-van-vlierden) CHECK IF IT EXISTS BEFORE IMPORTING THIS FILE.
Line 405 "SAME AS" TO EXTERNAL REFERENCE EXPORTED (deh-francisco-xavier-rosario-ho) CHECK IF IT EXISTS BEFORE IMPORTING THIS FILE.

Structure file: /Users/jrc/mhk-home/sources/dehergne/structures/sources.str
Structure processing report: /Users/jrc/mhk-home/sources/dehergne/structures/sources.srpt
Structure in JSON: /Users/jrc/mhk-home/sources/dehergne/structures/sources.str.json

Kleio file: /Users/jrc/mhk-home/sources/dehergne/sources/dehergne-h.cli
Original file: /Users/jrc/mhk-home/sources/dehergne/sources/dehergne-h.org
Previous version: /Users/jrc/mhk-home/sources/dehergne/sources/dehergne-h.old
Temp file with ids: /Users/jrc/mhk-home/sources/dehergne/sources/dehergne-h.ids
** - /Users/jrc/mhk-home/sources/dehergne/sources/dehergne-h.cli-renamed to- /Users/jrc/mhk-home/sources/dehergne/sources/dehergne-h.old
0  errors. 
0  warnings.
Translation finished.
