KleioTranslator - server version 12.6 - build 577 2024-10-24 16:53:53
25-10-2024 7-29

Processing data file dehergne-locations-1701.cli
-------------------------------------------
Generic Act translation module with geoentities (XML).
     Joaquim Ramos de Carvalho (joaquim@uc.pt) 
** New document: kleio
=========================
kleio translation started
=========================
Structure: gacto2.str
Prefix: 
Autorel: 
Translation count: 16
Obs: 
** Processing source fonte$dehergne-locations-1701
93: geodesc$deh-chre-1701
*** End of File


Structure file: /kleio-home/sources/dehergne-repertoire/structures/sources.str
Structure processing report: /kleio-home/sources/dehergne-repertoire/structures/sources.srpt
Structure in JSON: /kleio-home/sources/dehergne-repertoire/structures/sources.str.json

Kleio file: /kleio-home/sources/dehergne-repertoire/sources/dehergne-locations-1701.cli
Original file: /kleio-home/sources/dehergne-repertoire/sources/dehergne-locations-1701.org
Previous version: /kleio-home/sources/dehergne-repertoire/sources/dehergne-locations-1701.old
Temp file with ids: /kleio-home/sources/dehergne-repertoire/sources/dehergne-locations-1701.ids
** - /kleio-home/sources/dehergne-repertoire/sources/dehergne-locations-1701.cli-renamed to- /kleio-home/sources/dehergne-repertoire/sources/dehergne-locations-1701.old
0  errors. 
0  warnings.
Translation finished.
