KleioTranslator - server version @@VERSION@@ - build @@BUILD@@ @@DATE@@
30-9-2020 20-4

Processing data file dehergne-a.cli
-------------------------------------------
Generic Act translation module with geoentities (XML).
     Joaquim Ramos de Carvalho (joaquim@uc.pt) 
** New document: kleio
=========================
kleio translation started
=========================
Structure: gacto2.str
Prefix: 
Autorel: 
Translation count: 1
Obs: 
** Processing source fonte$dehergne-A
6: lista$dehergne-notices-a
*** End of File


** Processed file- /Users/jrc/mhk-home/sources/china-proposop/china-prosop-sources/sources/dehergne-a.cli
** Original file- /Users/jrc/mhk-home/sources/china-proposop/china-prosop-sources/sources/dehergne-a.org
** Previous version- /Users/jrc/mhk-home/sources/china-proposop/china-prosop-sources/sources/dehergne-a.old
** Temp file with ids- /Users/jrc/mhk-home/sources/china-proposop/china-prosop-sources/sources/dehergne-a.ids
** - /Users/jrc/mhk-home/sources/china-proposop/china-prosop-sources/sources/dehergne-a.cli-renamed to- /Users/jrc/mhk-home/sources/china-proposop/china-prosop-sources/sources/dehergne-a.old
** - /Users/jrc/mhk-home/sources/china-proposop/china-prosop-sources/sources/dehergne-a.ids-renamed to- /Users/jrc/mhk-home/sources/china-proposop/china-prosop-sources/sources/dehergne-a.cli
** Translation files closed.
0  errors. 
0  warnings.
Translation finished.
