KleioTranslator - server version 12.9 - build 592 2026-03-19 23:14:02
2026-07-16 03:59:19


Processing data file dehergne-p.cli
-------------------------------------------
Generic Act translation module with geoentities (XML).
     Joaquim Ramos de Carvalho (joaquim@uc.pt) 
** New document: kleio
=========================
kleio translation started
=========================
Declared structure: gacto2.str
Used structure: /usr/local/timelink/clio/src/stru/gacto2.str
Prefix: 
Autorel: 
Translation count: 206
Obs: 
** Processing source fonte$dehergne-p
21: lista$dehergne-notices-p
*** End of File

Line 818 "SAME AS" TO EXTERNAL REFERENCE EXPORTED (deh-matteo-ricci) CHECK IF IT EXISTS BEFORE IMPORTING THIS FILE.
Line 923 "SAME AS" TO EXTERNAL REFERENCE EXPORTED (deh-antoine-thomas) CHECK IF IT EXISTS BEFORE IMPORTING THIS FILE.
Line 932 "SAME AS" TO EXTERNAL REFERENCE EXPORTED (deh-ferdinand-verbiest) CHECK IF IT EXISTS BEFORE IMPORTING THIS FILE.
Line 1002 "SAME AS" TO EXTERNAL REFERENCE EXPORTED (deh-manuel-teixeira) CHECK IF IT EXISTS BEFORE IMPORTING THIS FILE.
Line 1020 "SAME AS" TO EXTERNAL REFERENCE EXPORTED (deh-goncalo-alvares) CHECK IF IT EXISTS BEFORE IMPORTING THIS FILE.
Line 1375 "SAME AS" TO EXTERNAL REFERENCE EXPORTED (deh-francisco-perez) CHECK IF IT EXISTS BEFORE IMPORTING THIS FILE.
Line 1381 "SAME AS" TO EXTERNAL REFERENCE EXPORTED (deh-manuel-teixeira) CHECK IF IT EXISTS BEFORE IMPORTING THIS FILE.
Line 1780 "SAME AS" TO EXTERNAL REFERENCE EXPORTED (deh-louis-brouet) CHECK IF IT EXISTS BEFORE IMPORTING THIS FILE.

Structure file: /usr/local/timelink/clio/src/stru/gacto2.str
Structure processing report: /usr/local/timelink/clio/src/stru/gacto2.srpt
Structure in JSON: /usr/local/timelink/clio/src/stru/gacto2.str.json

Kleio file: /kleio-home/sources/dehergne-p.cli
Original file: /kleio-home/sources/dehergne-p.org
Previous version: /kleio-home/sources/dehergne-p.old
Local structure file: /kleio-home/sources/dehergne-p-auto-structure.yaml
Temp file with ids: /kleio-home/sources/dehergne-p.ids
** - /kleio-home/sources/dehergne-p.cli-renamed to- /kleio-home/sources/dehergne-p.old

Groups in this file: [attribute,historical-act,historical-source,kleio,link,person,relation,ls,pt-acto,fonte,female,male,rel,atr,lista,parentef,actorm,parentem,referido,kin-mother,n,kin-father,mae,pai,pmae,ppai]
Elements in this file: [ano,autorels,data,date,day,destination,destname,dia,id,iddest,kleiofile,loc,localizacao,mes,mesmo_que,month,name,nome,nomedest,obs,prefix,ref,replace,same_as,sex,sexo,shortname,structure,substitui,tipo,translations,translator,type,urlpattern,valor,value,xmesmo_que,xsame_as,year]

Structure YAML file already exists, not generating new one.
0  errors. 
0  warnings.
Translation finished.
