KleioTranslator - server version @@VERSION@@ - build @@BUILD@@ @@DATE@@
30-6-2023 19-52

Processing data file dehergne-z.cli
-------------------------------------------
Generic Act translation module with geoentities (XML).
     Joaquim Ramos de Carvalho (joaquim@uc.pt) 
** New document: kleio
=========================
kleio translation started
=========================
Structure: gacto2.str
Prefix: 
Autorel: 
Translation count: 25
Obs: 
** Processing source fonte$dehergne-z
7: lista$dehergne-notices-z
*** End of File

Line 83 "SAME AS" TO EXTERNAL REFERENCE EXPORTED (deh-giovanni-laureati) CHECK IF IT EXISTS BEFORE IMPORTING THIS FILE.

Structure file: /Users/jrc/mhk-home/sources/dehergne/structures/sources.str
Structure processing report: /Users/jrc/mhk-home/sources/dehergne/structures/sources.srpt
Structure in JSON: /Users/jrc/mhk-home/sources/dehergne/structures/sources.str.json

Kleio file: /Users/jrc/mhk-home/sources/dehergne/sources/dehergne-z.cli
Original file: /Users/jrc/mhk-home/sources/dehergne/sources/dehergne-z.org
Previous version: /Users/jrc/mhk-home/sources/dehergne/sources/dehergne-z.old
Temp file with ids: /Users/jrc/mhk-home/sources/dehergne/sources/dehergne-z.ids
** - /Users/jrc/mhk-home/sources/dehergne/sources/dehergne-z.cli-renamed to- /Users/jrc/mhk-home/sources/dehergne/sources/dehergne-z.old
0  errors. 
0  warnings.
Translation finished.
