KleioTranslator - server version 2019.A2 - build 311 (Import-identifications) 29/09/2020 07:34 
29-6-2021 14-27

Processing data file dehergne-a.cli
-------------------------------------------
Generic Act translation module with geoentities (XML).
     Joaquim Ramos de Carvalho (joaquim@uc.pt) 
** New document: kleio
=========================
kleio translation started
=========================
Structure: gacto2.str
Prefix: 
Autorel: 
Translation count: 144
Obs: 
** Processing source fonte$dehergne-A
** Base name of file dehergne-a.cli

WARNING: dehergne-a.cli line 3 * Warning: Filename should match source Id to avoid errors. File: dehergne-a.cli Id: dehergne-A.
Near lines: 3 
Near line: 4       lista$dehergne-notices-a/0/0/0

6: lista$dehergne-notices-a
*** End of File

Line 538 "SAME AS" TO EXTERNAL REFERENCE EXPORTED (deh-belchior-miguel-carneiro-leitao) CHECK IF IT EXISTS BEFORE IMPORTING THIS FILE.
Line 811 "SAME AS" TO EXTERNAL REFERENCE EXPORTED (deh-jean-regis-lieou) CHECK IF IT EXISTS BEFORE IMPORTING THIS FILE.
Line 873 "SAME AS" TO EXTERNAL REFERENCE EXPORTED (deh-alessandro-cicero) CHECK IF IT EXISTS BEFORE IMPORTING THIS FILE.

** Processed file- /kleio-home/sources/toliveira-china/sources/dehergne-a.cli
** Original file- /kleio-home/sources/toliveira-china/sources/dehergne-a.org
** Previous version- /kleio-home/sources/toliveira-china/sources/dehergne-a.old
** Temp file with ids- /kleio-home/sources/toliveira-china/sources/dehergne-a.ids
** - /kleio-home/sources/toliveira-china/sources/dehergne-a.cli-renamed to- /kleio-home/sources/toliveira-china/sources/dehergne-a.old
** - /kleio-home/sources/toliveira-china/sources/dehergne-a.ids-renamed to- /kleio-home/sources/toliveira-china/sources/dehergne-a.cli
** Translation files closed.
0  errors. 
1  warnings.
Translation finished.
