KleioTranslator - server version 2019.A2 - build 311 (Import-identifications) 29/09/2020 07:34 
11-2-2021 17-10

Processing data file dehergne-c.cli
-------------------------------------------
Generic Act translation module with geoentities (XML).
     Joaquim Ramos de Carvalho (joaquim@uc.pt) 
** New document: kleio
=========================
kleio translation started
=========================
Structure: gacto2.str
Prefix: 
Autorel: 
Translation count: 112
Obs: 
** Processing source fonte$dehergne-C
6: lista$dehergne-notices-c
*** End of File

Line 979 "SAME AS" TO EXTERNAL REFERENCE EXPORTED (bio-alessandro-valignano) CHECK IF IT EXISTS BEFORE IMPORTING THIS FILE.
Line 1070 "SAME AS" TO EXTERNAL REFERENCE EXPORTED (deh-francesco-maria-spinola) CHECK IF IT EXISTS BEFORE IMPORTING THIS FILE.
Line 1087 "SAME AS" TO EXTERNAL REFERENCE EXPORTED (deh-claudio-filippo-grimaldi) CHECK IF IT EXISTS BEFORE IMPORTING THIS FILE.
Line 1091 "SAME AS" TO EXTERNAL REFERENCE EXPORTED (deh-louis-archambaud) CHECK IF IT EXISTS BEFORE IMPORTING THIS FILE.
Line 1093 "SAME AS" TO EXTERNAL REFERENCE EXPORTED (deh-claude-de-beze) CHECK IF IT EXISTS BEFORE IMPORTING THIS FILE.
Line 1429 "SAME AS" TO EXTERNAL REFERENCE EXPORTED (deh-francisco-cabral) CHECK IF IT EXISTS BEFORE IMPORTING THIS FILE.
Line 1542 "SAME AS" TO EXTERNAL REFERENCE EXPORTED (deh-claude-de-beze) CHECK IF IT EXISTS BEFORE IMPORTING THIS FILE.
Line 1916 "SAME AS" TO EXTERNAL REFERENCE EXPORTED (deh-claudio-filippo-grimaldi) CHECK IF IT EXISTS BEFORE IMPORTING THIS FILE.
Line 2261 "SAME AS" TO EXTERNAL REFERENCE EXPORTED (deh-manuel-mendes) CHECK IF IT EXISTS BEFORE IMPORTING THIS FILE.
Line 2373 "SAME AS" TO EXTERNAL REFERENCE EXPORTED (deh-manuel-mendes) CHECK IF IT EXISTS BEFORE IMPORTING THIS FILE.

** Processed file- /kleio-home/sources/toliveira/sources/dehergne-c.cli
** Original file- /kleio-home/sources/toliveira/sources/dehergne-c.org
** Previous version- /kleio-home/sources/toliveira/sources/dehergne-c.old
** Temp file with ids- /kleio-home/sources/toliveira/sources/dehergne-c.ids
** - /kleio-home/sources/toliveira/sources/dehergne-c.cli-renamed to- /kleio-home/sources/toliveira/sources/dehergne-c.old
** - /kleio-home/sources/toliveira/sources/dehergne-c.ids-renamed to- /kleio-home/sources/toliveira/sources/dehergne-c.cli
** Translation files closed.
0  errors. 
0  warnings.
Translation finished.
