KleioTranslator - server version 12.0 - build 541 (MHK: 2235/master) (2023-07-04 04:34:23, MHK: 06/08/2023 04:15 )
13-10-2023 4-46

Processing data file dehergne-r.cli
-------------------------------------------
Generic Act translation module with geoentities (XML).
     Joaquim Ramos de Carvalho (joaquim@uc.pt) 
** New document: kleio
=========================
kleio translation started
=========================
Structure: gacto2.str
Prefix: 
Autorel: 
Translation count: 122
Obs: 
** Processing source fonte$dehergne-r
7: lista$dehergne-notices-r
*** End of File

Line 1599 "SAME AS" TO EXTERNAL REFERENCE EXPORTED (deh-gabriel-boussel) CHECK IF IT EXISTS BEFORE IMPORTING THIS FILE.

Structure file: /kleio-home/sources/dehergne/structures/sources.str
Structure processing report: /kleio-home/sources/dehergne/structures/sources.srpt
Structure in JSON: /kleio-home/sources/dehergne/structures/sources.str.json

Kleio file: /kleio-home/sources/dehergne/sources/dehergne-r.cli
Original file: /kleio-home/sources/dehergne/sources/dehergne-r.org
Previous version: /kleio-home/sources/dehergne/sources/dehergne-r.old
Temp file with ids: /kleio-home/sources/dehergne/sources/dehergne-r.ids
** - /kleio-home/sources/dehergne/sources/dehergne-r.cli-renamed to- /kleio-home/sources/dehergne/sources/dehergne-r.old
0  errors. 
0  warnings.
Translation finished.
