KleioTranslator - server version 12.6 - build 576 2024-09-09 17:57:03
18-10-2024 6-51

Processing data file dehergne-b.cli
-------------------------------------------
Generic Act translation module with geoentities (XML).
     Joaquim Ramos de Carvalho (joaquim@uc.pt) 
** New document: kleio
=========================
kleio translation started
=========================
Structure: gacto2.str
Prefix: 
Autorel: 
Translation count: 212
Obs: 
** Processing source fonte$dehergne-b
7: lista$dehergne-notices-b
*** End of File

Line 369 "SAME AS" TO EXTERNAL REFERENCE EXPORTED (deh-antonio-de-abreu) CHECK IF IT EXISTS BEFORE IMPORTING THIS FILE.
Line 849 "SAME AS" TO EXTERNAL REFERENCE EXPORTED (deh-alessandro-cicero) CHECK IF IT EXISTS BEFORE IMPORTING THIS FILE.
Line 1469 "SAME AS" TO EXTERNAL REFERENCE EXPORTED (deh-louis-porquet) CHECK IF IT EXISTS BEFORE IMPORTING THIS FILE.

Structure file: /kleio-home/structures/sources.str
Structure processing report: /kleio-home/structures/sources.srpt
Structure in JSON: /kleio-home/structures/sources.str.json

Kleio file: /kleio-home/sources/dehergne-b.cli
Original file: /kleio-home/sources/dehergne-b.org
Previous version: /kleio-home/sources/dehergne-b.old
Temp file with ids: /kleio-home/sources/dehergne-b.ids
** - /kleio-home/sources/dehergne-b.cli-renamed to- /kleio-home/sources/dehergne-b.old
0  errors. 
0  warnings.
Translation finished.
