KleioTranslator - server version 12.9 - build 592 2026-03-19 23:14:02
2026-03-25 04:50:46


Processing data file dehergne-d.cli
-------------------------------------------
Generic Act translation module with geoentities (XML).
     Joaquim Ramos de Carvalho (joaquim@uc.pt) 
** New document: kleio
=========================
kleio translation started
=========================
Declared structure: gacto2.str
Used structure: /usr/local/timelink/clio/src/stru/gacto2.str
Prefix: 
Autorel: 
Translation count: 135
Obs: 
** Processing source fonte$dehergne-d
7: lista$dehergne-notices-d
*** End of File

Line 391 "SAME AS" TO EXTERNAL REFERENCE EXPORTED (deh-philippe-avril) CHECK IF IT EXISTS BEFORE IMPORTING THIS FILE.
Line 398 "SAME AS" TO EXTERNAL REFERENCE EXPORTED (deh-louis-barnabe) CHECK IF IT EXISTS BEFORE IMPORTING THIS FILE.
Line 430 "SAME AS" TO EXTERNAL REFERENCE EXPORTED (deh-matteo-ricci) CHECK IF IT EXISTS BEFORE IMPORTING THIS FILE.
Line 459 "SAME AS" TO EXTERNAL REFERENCE EXPORTED (deh-belchior-nunes-barreto) CHECK IF IT EXISTS BEFORE IMPORTING THIS FILE.

Structure file: /usr/local/timelink/clio/src/stru/gacto2.str
Structure processing report: /usr/local/timelink/clio/src/stru/gacto2.srpt
Structure in JSON: /usr/local/timelink/clio/src/stru/gacto2.str.json

Kleio file: /kleio-home/sources/dehergne-d.cli
Original file: /kleio-home/sources/dehergne-d.org
Previous version: /kleio-home/sources/dehergne-d.old
Local structure file: /kleio-home/sources/dehergne-d-auto-structure.yaml
Temp file with ids: /kleio-home/sources/dehergne-d.ids
** - /kleio-home/sources/dehergne-d.cli-renamed to- /kleio-home/sources/dehergne-d.old

Groups in this file: [attribute,historical-act,historical-source,kleio,link,person,relation,ls,pt-acto,fonte,female,male,rel,atr,lista,parentef,actorm,parentem,referido,kin-mother,n,kin-father,mae,pai,pmae]
Elements in this file: [ano,autorels,data,date,day,destination,destname,dia,id,iddest,kleiofile,loc,localizacao,mes,mesmo_que,month,name,nome,nomedest,obs,prefix,ref,replace,same_as,sex,sexo,shortname,structure,substitui,tipo,translations,translator,type,urlpattern,valor,value,xmesmo_que,xsame_as,year]

Structure YAML file already exists, not generating new one.
0  errors. 
0  warnings.
Translation finished.
