KleioTranslator - server version 2019.A2 - build 311 (Import-identifications) 29/09/2020 07:34 
18-3-2021 18-57

Processing data file dehergne-m.cli
-------------------------------------------
Generic Act translation module with geoentities (XML).
     Joaquim Ramos de Carvalho (joaquim@uc.pt) 
** New document: kleio
=========================
kleio translation started
=========================
Structure: gacto2.str
Prefix: 
Autorel: 
Translation count: 95
Obs: 
** Processing source fonte$dehergne-m
6: lista$dehergne-notices-m
*** End of File


** Processed file- /kleio-home/sources/toliveira/sources/dehergne-m.cli
** Original file- /kleio-home/sources/toliveira/sources/dehergne-m.org
** Previous version- /kleio-home/sources/toliveira/sources/dehergne-m.old
** Temp file with ids- /kleio-home/sources/toliveira/sources/dehergne-m.ids
** - /kleio-home/sources/toliveira/sources/dehergne-m.cli-renamed to- /kleio-home/sources/toliveira/sources/dehergne-m.old
** - /kleio-home/sources/toliveira/sources/dehergne-m.ids-renamed to- /kleio-home/sources/toliveira/sources/dehergne-m.cli
** Translation files closed.
0  errors. 
0  warnings.
Translation finished.
