KleioTranslator - server version 2019.A2 - build 259 29/06/2020 21:42 
1-7-2020 13-50

Processing data file tomas-pereira-obras.cli
-------------------------------------------
Generic Act translation module with geoentities (XML).
     Joaquim Ramos de Carvalho (joaquim@uc.pt) 
** New document: kleio
=========================
kleio translation started
=========================
Structure: gacto2.str
Prefix: 
Autorel: 
Translation count: 18
Obs: 
** Processing source fonte$tomas-pereira
6: lista$ihs-vips
*** End of File


** Processed file- /kleio-home/sources/china-proposop/china-prosop-sources/sources/tomas-pereira-obras.cli
** Original file- /kleio-home/sources/china-proposop/china-prosop-sources/sources/tomas-pereira-obras.org
** Previous version- /kleio-home/sources/china-proposop/china-prosop-sources/sources/tomas-pereira-obras.old
** Temp file with ids- /kleio-home/sources/china-proposop/china-prosop-sources/sources/tomas-pereira-obras.ids
** - /kleio-home/sources/china-proposop/china-prosop-sources/sources/tomas-pereira-obras.cli-renamed to- /kleio-home/sources/china-proposop/china-prosop-sources/sources/tomas-pereira-obras.old
** - /kleio-home/sources/china-proposop/china-prosop-sources/sources/tomas-pereira-obras.ids-renamed to- /kleio-home/sources/china-proposop/china-prosop-sources/sources/tomas-pereira-obras.cli
** Translation files closed.
0  errors. 
0  warnings.
Translation finished.
