KleioTranslator - server version 2021.A4 - build 1905 (master) 17/06/2021 10:51 
17-6-2021 3-50

Processing data file tomas-pereira-obras.cli
-------------------------------------------
Generic Act translation module with geoentities (XML).
     Joaquim Ramos de Carvalho (joaquim@uc.pt) 
** New document: kleio
=========================
kleio translation started
=========================
Structure: gacto2.str
Prefix: 
Autorel: 
Translation count: 22
Obs: 
** Processing source fonte$tomas-pereira
** Base name of file tomas-pereira-obras.cli

WARNING: tomas-pereira-obras.cli line 3 * Warning: Filename should match source Id to avoid errors. File: tomas-pereira-obras.cli Id: tomas-pereira.
Near lines: 3 
Near line: 4       lista$tomas-pereira-lista/26/6/2020

6: lista$tomas-pereira-lista
*** End of File


** Processed file- /kleio-home/sources/toliveira-china/sources/tomas-pereira-obras.cli
** Original file- /kleio-home/sources/toliveira-china/sources/tomas-pereira-obras.org
** Previous version- /kleio-home/sources/toliveira-china/sources/tomas-pereira-obras.old
** Temp file with ids- /kleio-home/sources/toliveira-china/sources/tomas-pereira-obras.ids
** - /kleio-home/sources/toliveira-china/sources/tomas-pereira-obras.cli-renamed to- /kleio-home/sources/toliveira-china/sources/tomas-pereira-obras.old
** - /kleio-home/sources/toliveira-china/sources/tomas-pereira-obras.ids-renamed to- /kleio-home/sources/toliveira-china/sources/tomas-pereira-obras.cli
** Translation files closed.
0  errors. 
1  warnings.
Translation finished.
